discipline: FAIL — the exponentiating layer is mandatory for new files
  Vsa/Sim/AstTransport.lean:392: [R6-anon-projection-tower] deep anonymous projection (4+ chain) into an ∃/∧ tower: state posts/entries as named-field `structure ... : Prop where` (model: FoundSt/GeomFacts/FrameCalc), or land ONE named destructuring lemma beside the landed tower and consume through it — never positional .2-chains
  Vsa/Sim/AstTransport.lean:395: [R6-anon-projection-tower] deep anonymous projection (4+ chain) into an ∃/∧ tower: state posts/entries as named-field `structure ... : Prop where` (model: FoundSt/GeomFacts/FrameCalc), or land ONE named destructuring lemma beside the landed tower and consume through it — never positional .2-chains
  Vsa/Sim/AstTransport.lean:546: [R6-anon-projection-tower] deep anonymous projection (4+ chain) into an ∃/∧ tower: state posts/entries as named-field `structure ... : Prop where` (model: FoundSt/GeomFacts/FrameCalc), or land ONE named destructuring lemma beside the landed tower and consume through it — never positional .2-chains
  Vsa/Sim/AstTransport.lean:549: [R6-anon-projection-tower] deep anonymous projection (4+ chain) into an ∃/∧ tower: state posts/entries as named-field `structure ... : Prop where` (model: FoundSt/GeomFacts/FrameCalc), or land ONE named destructuring lemma beside the landed tower and consume through it — never positional .2-chains
  Vsa/Sim/CallEntry.lean:659: [R6-anon-projection-tower] deep anonymous projection (4+ chain) into an ∃/∧ tower: state posts/entries as named-field `structure ... : Prop where` (model: FoundSt/GeomFacts/FrameCalc), or land ONE named destructuring lemma beside the landed tower and consume through it — never positional .2-chains
  Vsa/Sim/CallEntry.lean:668: [R6-anon-projection-tower] deep anonymous projection (4+ chain) into an ∃/∧ tower: state posts/entries as named-field `structure ... : Prop where` (model: FoundSt/GeomFacts/FrameCalc), or land ONE named destructuring lemma beside the landed tower and consume through it — never positional .2-chains
  Vsa/Sim/CallEntry.lean:677: [R6-anon-projection-tower] deep anonymous projection (4+ chain) into an ∃/∧ tower: state posts/entries as named-field `structure ... : Prop where` (model: FoundSt/GeomFacts/FrameCalc), or land ONE named destructuring lemma beside the landed tower and consume through it — never positional .2-chains
  Vsa/Sim/CallEntry.lean:686: [R6-anon-projection-tower] deep anonymous projection (4+ chain) into an ∃/∧ tower: state posts/entries as named-field `structure ... : Prop where` (model: FoundSt/GeomFacts/FrameCalc), or land ONE named destructuring lemma beside the landed tower and consume through it — never positional .2-chains
  Vsa/Sim/CallEntry.lean:747: [R6-anon-projection-tower] deep anonymous projection (4+ chain) into an ∃/∧ tower: state posts/entries as named-field `structure ... : Prop where` (model: FoundSt/GeomFacts/FrameCalc), or land ONE named destructuring lemma beside the landed tower and consume through it — never positional .2-chains
  Vsa/Sim/CallEntry.lean: [R7-conj-tower-def] ∃ x20 — >8 existentials in one file suggests anonymous ∃/∧-tower post definitions: new posts/entries must be named-field structures (robust to reorder, self-documenting, cheap projections); if consuming landed towers, write the named destructurer once
  Vsa/Sim/DriveToLoopHeadSpans.lean:763: [R1-site-battery] hand per-site StepObs lemma: the region is on the block-reflection decode table — use #derive_case/block_facts (model: Vsa/Sim/EnvDefSeg.lean; 58 hand lines became 14)
  Vsa/Sim/EnvGetRecursive.lean: [R7-conj-tower-def] ∃ x11 — >8 existentials in one file suggests anonymous ∃/∧-tower post definitions: new posts/entries must be named-field structures (robust to reorder, self-documenting, cheap projections); if consuming landed towers, write the named destructurer once
  Vsa/Sim/EnvSetScanCore.lean: [R7-conj-tower-def] ∃ x13 — >8 existentials in one file suggests anonymous ∃/∧-tower post definitions: new posts/entries must be named-field structures (robust to reorder, self-documenting, cheap projections); if consuming landed towers, write the named destructurer once
  Vsa/Sim/EnvSetScanIter.lean:147: [R6-anon-projection-tower] deep anonymous projection (4+ chain) into an ∃/∧ tower: state posts/entries as named-field `structure ... : Prop where` (model: FoundSt/GeomFacts/FrameCalc), or land ONE named destructuring lemma beside the landed tower and consume through it — never positional .2-chains
  Vsa/Sim/EnvSetSites.lean:73: [R1-site-battery] hand per-site StepObs lemma: the region is on the block-reflection decode table — use #derive_case/block_facts (model: Vsa/Sim/EnvDefSeg.lean; 58 hand lines became 14)
  Vsa/Sim/EnvSetSites.lean:607: [R1-site-battery] hand per-site StepObs lemma: the region is on the block-reflection decode table — use #derive_case/block_facts (model: Vsa/Sim/EnvDefSeg.lean; 58 hand lines became 14)
  Vsa/Sim/EnvSetSites.lean:853: [R1-site-battery] hand per-site StepObs lemma: the region is on the block-reflection decode table — use #derive_case/block_facts (model: Vsa/Sim/EnvDefSeg.lean; 58 hand lines became 14)
  Vsa/Sim/EnvSetSites.lean:1039: [R1-site-battery] hand per-site StepObs lemma: the region is on the block-reflection decode table — use #derive_case/block_facts (model: Vsa/Sim/EnvDefSeg.lean; 58 hand lines became 14)
  Vsa/Sim/EnvSetSites.lean:2009: [R1-site-battery] hand per-site StepObs lemma: the region is on the block-reflection decode table — use #derive_case/block_facts (model: Vsa/Sim/EnvDefSeg.lean; 58 hand lines became 14)
  Vsa/Sim/EnvSetSites.lean:2199: [R1-site-battery] hand per-site StepObs lemma: the region is on the block-reflection decode table — use #derive_case/block_facts (model: Vsa/Sim/EnvDefSeg.lean; 58 hand lines became 14)
  Vsa/Sim/EnvSetSites.lean:2234: [R1-site-battery] hand per-site StepObs lemma: the region is on the block-reflection decode table — use #derive_case/block_facts (model: Vsa/Sim/EnvDefSeg.lean; 58 hand lines became 14)
  Vsa/Sim/EvalIntSim2.lean: [R7-conj-tower-def] ∃ x9 — >8 existentials in one file suggests anonymous ∃/∧-tower post definitions: new posts/entries must be named-field structures (robust to reorder, self-documenting, cheap projections); if consuming landed towers, write the named destructurer once
  Vsa/Sim/EvalValueReturnTail.lean:187: [R1-site-battery] hand per-site StepObs lemma: the region is on the block-reflection decode table — use #derive_case/block_facts (model: Vsa/Sim/EnvDefSeg.lean; 58 hand lines became 14)
  Vsa/Sim/ExecRecCommon.lean: [R7-conj-tower-def] ∃ x11 — >8 existentials in one file suggests anonymous ∃/∧-tower post definitions: new posts/entries must be named-field structures (robust to reorder, self-documenting, cheap projections); if consuming landed towers, write the named destructurer once
  Vsa/Sim/ExecSimCommon.lean: [R7-conj-tower-def] ∃ x20 — >8 existentials in one file suggests anonymous ∃/∧-tower post definitions: new posts/entries must be named-field structures (robust to reorder, self-documenting, cheap projections); if consuming landed towers, write the named destructurer once
  Vsa/Sim/ExecWhileIndexed.lean: [R7-conj-tower-def] ∃ x15 — >8 existentials in one file suggests anonymous ∃/∧-tower post definitions: new posts/entries must be named-field structures (robust to reorder, self-documenting, cheap projections); if consuming landed towers, write the named destructurer once
  Vsa/Sim/LayoutInstance.lean: [R7-conj-tower-def] ∃ x16 — >8 existentials in one file suggests anonymous ∃/∧-tower post definitions: new posts/entries must be named-field structures (robust to reorder, self-documenting, cheap projections); if consuming landed towers, write the named destructurer once
  Vsa/Sim/MidArmFieldIH.lean: [R7-conj-tower-def] ∃ x9 — >8 existentials in one file suggests anonymous ∃/∧-tower post definitions: new posts/entries must be named-field structures (robust to reorder, self-documenting, cheap projections); if consuming landed towers, write the named destructurer once
  Vsa/Sim/StoreInvariant.lean: [R7-conj-tower-def] ∃ x11 — >8 existentials in one file suggests anonymous ∃/∧-tower post definitions: new posts/entries must be named-field structures (robust to reorder, self-documenting, cheap projections); if consuming landed towers, write the named destructurer once
  Vsa/Sim/TermSimAssembly.lean: [R7-conj-tower-def] ∃ x25 — >8 existentials in one file suggests anonymous ∃/∧-tower post definitions: new posts/entries must be named-field structures (robust to reorder, self-documenting, cheap projections); if consuming landed towers, write the named destructurer once
  Vsa/Sim/WhileGeomSuppliers.lean:338: [R6-anon-projection-tower] deep anonymous projection (4+ chain) into an ∃/∧ tower: state posts/entries as named-field `structure ... : Prop where` (model: FoundSt/GeomFacts/FrameCalc), or land ONE named destructuring lemma beside the landed tower and consume through it — never positional .2-chains
  Vsa/Sim/WhileGeomSuppliers.lean: [R7-conj-tower-def] ∃ x22 — >8 existentials in one file suggests anonymous ∃/∧-tower post definitions: new posts/entries must be named-field structures (robust to reorder, self-documenting, cheap projections); if consuming landed towers, write the named destructurer once
  Vsa/Sim/rows/CallClosureRow.lean:434: [R6-anon-projection-tower] deep anonymous projection (4+ chain) into an ∃/∧ tower: state posts/entries as named-field `structure ... : Prop where` (model: FoundSt/GeomFacts/FrameCalc), or land ONE named destructuring lemma beside the landed tower and consume through it — never positional .2-chains
  Vsa/Sim/rows/CallClosureSplice.lean: [R7-conj-tower-def] ∃ x15 — >8 existentials in one file suggests anonymous ∃/∧-tower post definitions: new posts/entries must be named-field structures (robust to reorder, self-documenting, cheap projections); if consuming landed towers, write the named destructurer once
  Vsa/Sim/rows/CallResidProviders.lean: [R7-conj-tower-def] ∃ x17 — >8 existentials in one file suggests anonymous ∃/∧-tower post definitions: new posts/entries must be named-field structures (robust to reorder, self-documenting, cheap projections); if consuming landed towers, write the named destructurer once
  Vsa/Sim/rows/EnvDefineAppendClosed.lean:76: [R6-anon-projection-tower] deep anonymous projection (4+ chain) into an ∃/∧ tower: state posts/entries as named-field `structure ... : Prop where` (model: FoundSt/GeomFacts/FrameCalc), or land ONE named destructuring lemma beside the landed tower and consume through it — never positional .2-chains
  Vsa/Sim/rows/EnvDefineAppendClosed.lean:101: [R6-anon-projection-tower] deep anonymous projection (4+ chain) into an ∃/∧ tower: state posts/entries as named-field `structure ... : Prop where` (model: FoundSt/GeomFacts/FrameCalc), or land ONE named destructuring lemma beside the landed tower and consume through it — never positional .2-chains
  Vsa/Sim/rows/EnvDefineAppendClosed.lean:572: [R6-anon-projection-tower] deep anonymous projection (4+ chain) into an ∃/∧ tower: state posts/entries as named-field `structure ... : Prop where` (model: FoundSt/GeomFacts/FrameCalc), or land ONE named destructuring lemma beside the landed tower and consume through it — never positional .2-chains
  Vsa/Sim/rows/EnvDefineDispatchExact.lean:376: [R6-anon-projection-tower] deep anonymous projection (4+ chain) into an ∃/∧ tower: state posts/entries as named-field `structure ... : Prop where` (model: FoundSt/GeomFacts/FrameCalc), or land ONE named destructuring lemma beside the landed tower and consume through it — never positional .2-chains
  Vsa/Sim/rows/EnvDefineDispatchExact.lean:421: [R6-anon-projection-tower] deep anonymous projection (4+ chain) into an ∃/∧ tower: state posts/entries as named-field `structure ... : Prop where` (model: FoundSt/GeomFacts/FrameCalc), or land ONE named destructuring lemma beside the landed tower and consume through it — never positional .2-chains
  Vsa/Sim/rows/EnvDefineDispatchExact.lean:466: [R6-anon-projection-tower] deep anonymous projection (4+ chain) into an ∃/∧ tower: state posts/entries as named-field `structure ... : Prop where` (model: FoundSt/GeomFacts/FrameCalc), or land ONE named destructuring lemma beside the landed tower and consume through it — never positional .2-chains
  Vsa/Sim/rows/EnvDefineDispatchExact.lean:469: [R6-anon-projection-tower] deep anonymous projection (4+ chain) into an ∃/∧ tower: state posts/entries as named-field `structure ... : Prop where` (model: FoundSt/GeomFacts/FrameCalc), or land ONE named destructuring lemma beside the landed tower and consume through it — never positional .2-chains
  Vsa/Sim/rows/EnvDefineGrowExact.lean:302: [R6-anon-projection-tower] deep anonymous projection (4+ chain) into an ∃/∧ tower: state posts/entries as named-field `structure ... : Prop where` (model: FoundSt/GeomFacts/FrameCalc), or land ONE named destructuring lemma beside the landed tower and consume through it — never positional .2-chains
  Vsa/Sim/rows/EnvDefineGrowExact.lean:319: [R6-anon-projection-tower] deep anonymous projection (4+ chain) into an ∃/∧ tower: state posts/entries as named-field `structure ... : Prop where` (model: FoundSt/GeomFacts/FrameCalc), or land ONE named destructuring lemma beside the landed tower and consume through it — never positional .2-chains
  Vsa/Sim/rows/EnvDefineGrowExact.lean:320: [R6-anon-projection-tower] deep anonymous projection (4+ chain) into an ∃/∧ tower: state posts/entries as named-field `structure ... : Prop where` (model: FoundSt/GeomFacts/FrameCalc), or land ONE named destructuring lemma beside the landed tower and consume through it — never positional .2-chains
  Vsa/Sim/rows/EnvDefineGrowExact.lean:455: [R6-anon-projection-tower] deep anonymous projection (4+ chain) into an ∃/∧ tower: state posts/entries as named-field `structure ... : Prop where` (model: FoundSt/GeomFacts/FrameCalc), or land ONE named destructuring lemma beside the landed tower and consume through it — never positional .2-chains
  Vsa/Sim/rows/EnvDefineGrowExact.lean:565: [R6-anon-projection-tower] deep anonymous projection (4+ chain) into an ∃/∧ tower: state posts/entries as named-field `structure ... : Prop where` (model: FoundSt/GeomFacts/FrameCalc), or land ONE named destructuring lemma beside the landed tower and consume through it — never positional .2-chains
  Vsa/Sim/rows/EnvDefineScanLoop.lean:350: [R6-anon-projection-tower] deep anonymous projection (4+ chain) into an ∃/∧ tower: state posts/entries as named-field `structure ... : Prop where` (model: FoundSt/GeomFacts/FrameCalc), or land ONE named destructuring lemma beside the landed tower and consume through it — never positional .2-chains
  Vsa/Sim/rows/EnvDefineScanLoop.lean:480: [R6-anon-projection-tower] deep anonymous projection (4+ chain) into an ∃/∧ tower: state posts/entries as named-field `structure ... : Prop where` (model: FoundSt/GeomFacts/FrameCalc), or land ONE named destructuring lemma beside the landed tower and consume through it — never positional .2-chains
  Vsa/Sim/rows/EnvDefineScanLoop.lean: [R7-conj-tower-def] ∃ x9 — >8 existentials in one file suggests anonymous ∃/∧-tower post definitions: new posts/entries must be named-field structures (robust to reorder, self-documenting, cheap projections); if consuming landed towers, write the named destructurer once
  Vsa/Sim/rows/EnvDefineUpdateExact.lean:748: [R6-anon-projection-tower] deep anonymous projection (4+ chain) into an ∃/∧ tower: state posts/entries as named-field `structure ... : Prop where` (model: FoundSt/GeomFacts/FrameCalc), or land ONE named destructuring lemma beside the landed tower and consume through it — never positional .2-chains
  Vsa/Sim/rows/EnvDefineUpdateExact.lean:830: [R6-anon-projection-tower] deep anonymous projection (4+ chain) into an ∃/∧ tower: state posts/entries as named-field `structure ... : Prop where` (model: FoundSt/GeomFacts/FrameCalc), or land ONE named destructuring lemma beside the landed tower and consume through it — never positional .2-chains
  Vsa/Sim/rows/ExecWhileRouteRows.lean:391: [R1-site-battery] hand per-site StepObs lemma: the region is on the block-reflection decode table — use #derive_case/block_facts (model: Vsa/Sim/EnvDefSeg.lean; 58 hand lines became 14)
  Vsa/Sim/rows/ExecWhileRouteRows.lean:483: [R1-site-battery] hand per-site StepObs lemma: the region is on the block-reflection decode table — use #derive_case/block_facts (model: Vsa/Sim/EnvDefSeg.lean; 58 hand lines became 14)
  Vsa/Sim/rows/ExecWhileRouteRows.lean: [R7-conj-tower-def] ∃ x9 — >8 existentials in one file suggests anonymous ∃/∧-tower post definitions: new posts/entries must be named-field structures (robust to reorder, self-documenting, cheap projections); if consuming landed towers, write the named destructurer once
  Vsa/Sim/rows/FnFflushRFold.lean: [R5-stepobs-volume] stepObs_ x36 — >12 stepObs_ references in one new file: this is a hand-threaded chain — use the seg/block-reflection layer (block_facts, #derive_case, chain_facts)
  Vsa/Sim/rows/FnFflushRFold.lean: [R7-conj-tower-def] ∃ x124 — >8 existentials in one file suggests anonymous ∃/∧-tower post definitions: new posts/entries must be named-field structures (robust to reorder, self-documenting, cheap projections); if consuming landed towers, write the named destructurer once
  Vsa/Sim/rows/NativePrintFinite.lean: [R7-conj-tower-def] ∃ x21 — >8 existentials in one file suggests anonymous ∃/∧-tower post definitions: new posts/entries must be named-field structures (robust to reorder, self-documenting, cheap projections); if consuming landed towers, write the named destructurer once
  (exempt a genuine exception with `-- discipline: allow(<rule>) <why>`;
   legacy files are listed in scripts/discipline_grandfather.txt)
