[1/1403] skip Vsa/Elf.lean
[2/1403] skip Vsa/Machine.lean
[3/1403] skip Vsa/While/Ast.lean
[4/1403] skip Vsa/MemRepr.lean
[5/1403] skip Vsa/While/Semantics.lean
[6/1403] skip Vsa/RuntimeRepr.lean
[7/1403] skip Vsa/Sim/InitValues.lean
[8/1403] skip Vsa/Sim/GoodState.lean
[9/1403] skip Vsa/Triple.lean
[10/1403] skip Vsa/Alloc.lean
[11/1403] skip Vsa/ElfBytes.lean
[12/1403] skip Vsa/ElfRun.lean
[13/1403] skip Vsa/ElfMono.lean
[14/1403] skip Vsa/Refinement.lean
[15/1403] skip Vsa/Sim/Code/Eval_expr.lean
[16/1403] skip Vsa/Sim/DecodeTable/DecodeCommon.lean
[17/1403] skip Vsa/Sim/DecodeTable/Batch01Part08.lean
[18/1403] skip Vsa/Sim/DecodeTable/Batch01Part10.lean
[19/1403] skip Vsa/Sim/DecodeTable/Batch01Part14.lean
[20/1403] skip Vsa/Sim/DecodeTable/Batch01Part29.lean
[21/1403] skip Vsa/Sim/DecodeTable/Batch01Part32.lean
[22/1403] skip Vsa/Sim/DecodeTable/Batch03Part01.lean
[23/1403] skip Vsa/Sim/DecodeTable/Batch03Part09.lean
[24/1403] skip Vsa/Sim/DecodeTable/Batch03Part19.lean
[25/1403] skip Vsa/Sim/DecodeTable/Batch04Part07.lean
[26/1403] skip Vsa/Sim/DecodeTable/Batch04Part24.lean
[27/1403] skip Vsa/Sim/DecodeTable/Batch05Part24.lean
[28/1403] skip Vsa/Sim/DecodeTable/Batch06Part14.lean
[29/1403] skip Vsa/Sim/DecodeTable/Batch06Part25.lean
[30/1403] skip Vsa/Sim/DecodeTable/Batch08Part24.lean
[31/1403] skip Vsa/Sim/DecodeTable/Batch08Part32.lean
[32/1403] skip Vsa/Sim/DecodeTable/Batch09Part03.lean
[33/1403] skip Vsa/Sim/DecodeTable/Batch09Part05.lean
[34/1403] skip Vsa/Sim/DecodeTable/Batch09Part07.lean
[35/1403] skip Vsa/Sim/DecodeTable/Batch09Part25.lean
[36/1403] skip Vsa/Sim/DecodeTable/Batch09Part32.lean
[37/1403] skip Vsa/Sim/DecodeTable/Batch10Part08.lean
[38/1403] skip Vsa/Sim/DecodeTable/Batch11Part15.lean
[39/1403] skip Vsa/Sim/DecodeTable/Batch11Part30.lean
[40/1403] skip Vsa/Sim/DecodeTable/Batch12Part04.lean
[41/1403] skip Vsa/Sim/DecodeTable/Batch12Part17.lean
[42/1403] skip Vsa/Sim/DecodeTable/Batch13Part28.lean
[43/1403] skip Vsa/Sim/DecodeTable/Batch14Part03.lean
[44/1403] skip Vsa/Sim/DecodeTable/Batch15Part20.lean
[45/1403] skip Vsa/Sim/DecodeTable/Batch16Part19.lean
[46/1403] skip Vsa/Sim/DecodeTable/Batch16Part24.lean
[47/1403] skip Vsa/Sim/Code/Value_bool.lean
[48/1403] skip Vsa/Sim/Code/Value_int.lean
[49/1403] skip Vsa/Sim/Code/Value_null.lean
[50/1403] skip Vsa/Sim/Code/Value_str.lean
[51/1403] skip Vsa/Sim/Code/Value_truthy.lean
[52/1403] skip Vsa/Sim/DecodeTable/Batch01Part04.lean
[53/1403] skip Vsa/Sim/DecodeTable/Batch01Part18.lean
[54/1403] skip Vsa/Sim/DecodeTable/Batch02Part20.lean
[55/1403] skip Vsa/Sim/DecodeTable/Batch03Part05.lean
[56/1403] skip Vsa/Sim/DecodeTable/Batch03Part20.lean
[57/1403] skip Vsa/Sim/DecodeTable/Batch03Part30.lean
[58/1403] skip Vsa/Sim/DecodeTable/Batch04Part02.lean
[59/1403] skip Vsa/Sim/DecodeTable/Batch04Part03.lean
[60/1403] skip Vsa/Sim/DecodeTable/Batch04Part29.lean
[61/1403] skip Vsa/Sim/DecodeTable/Batch04Part31.lean
[62/1403] skip Vsa/Sim/DecodeTable/Batch07Part04.lean
[63/1403] skip Vsa/Sim/Attr.lean
[64/1403] skip Vsa/Sim/StateNF.lean
[65/1403] skip Vsa/Sim/ExecuteAlu.lean
[66/1403] skip Vsa/Sim/Hooks.lean
[67/1403] skip Vsa/Sim/MemRead.lean
[68/1403] skip Vsa/Sim/Pmp.lean
[69/1403] skip Vsa/Sim/Fetch.lean
[70/1403] skip Vsa/Sim/ExecuteBranch.lean
[71/1403] skip Vsa/Sim/MemLoad.lean
[72/1403] skip Vsa/Sim/ExecuteLoad.lean
[73/1403] skip Vsa/Sim/MemStore.lean
[74/1403] skip Vsa/Sim/ExecuteStore.lean
[75/1403] skip Vsa/Sim/RegAccess.lean
[76/1403] skip Vsa/Sim/Decode.lean
[77/1403] skip Vsa/Sim/Dispatch.lean
[78/1403] skip Vsa/Sim/Execute.lean
[79/1403] skip Vsa/Sim/Tick.lean
[80/1403] skip Vsa/Sim/Skeleton.lean
[81/1403] skip Vsa/Sim/StepAddi.lean
[82/1403] skip Vsa/Sim/StepBeq.lean
[83/1403] skip Vsa/Sim/Frame.lean
[84/1403] skip Vsa/Sim/StepAlu.lean
[85/1403] skip Vsa/Sim/StepBranch.lean
[86/1403] skip Vsa/Sim/ExecuteJump.lean
[87/1403] skip Vsa/Sim/StepJump.lean
[88/1403] skip Vsa/Sim/StepStore.lean
[89/1403] skip Vsa/Sim/StepObs.lean
[90/1403] skip Vsa/Sim/ValueSites.lean
[91/1403] skip Vsa/Sim/AddTailSites.lean
[92/1403] skip Vsa/Sim/DecodeTable/Batch01Part15.lean
[93/1403] skip Vsa/Sim/DecodeTable/Batch01Part20.lean
[94/1403] skip Vsa/Sim/DecodeTable/Batch01Part21.lean
[95/1403] skip Vsa/Sim/DecodeTable/Batch01Part22.lean
[96/1403] skip Vsa/Sim/DecodeTable/Batch01Part23.lean
[97/1403] skip Vsa/Sim/DecodeTable/Batch03Part03.lean
[98/1403] skip Vsa/Sim/DecodeTable/Batch03Part22.lean
[99/1403] skip Vsa/Sim/DecodeTable/Batch10Part12.lean
[100/1403] skip Vsa/Sim/DecodeTable/Batch12Part01.lean
[101/1403] skip Vsa/Sim/DecodeTable/Batch12Part02.lean
[102/1403] skip Vsa/Sim/DecodeTable/Batch12Part03.lean
[103/1403] skip Vsa/Sim/DecodeTable/Batch14Part09.lean
[104/1403] skip Vsa/Sim/DecodeTable/Batch14Part13.lean
[105/1403] skip Vsa/Sim/DecodeTable/Batch15Part01.lean
[106/1403] skip Vsa/Sim/DecodeTable/Batch16Part08.lean
[107/1403] skip Vsa/Sim/EvalExprSites.lean
[108/1403] skip Vsa/Sim/Regions.lean
[109/1403] skip Vsa/Sim/ReprSurvival.lean
[110/1403] skip Vsa/Sim/MemRegion.lean
[111/1403] skip Vsa/While/StackNeed.lean
[112/1403] skip Vsa/Sim/InterpEntry.lean
[113/1403] skip Vsa/Sim/Code/__muldi3.lean
[114/1403] skip Vsa/Sim/DecodeTable/Batch01Part01.lean
[115/1403] skip Vsa/Sim/DecodeTable/Batch02Part23.lean
[116/1403] skip Vsa/Sim/DecodeTable/Batch02Part24.lean
[117/1403] skip Vsa/Sim/DecodeTable/Batch04Part09.lean
[118/1403] skip Vsa/Sim/DecodeTable/Batch16Part09.lean
[119/1403] skip Vsa/Sim/Muldi3Sites.lean
[120/1403] skip Vsa/Sim/Muldi3Spec.lean
[121/1403] skip Vsa/Sim/ValueSpec.lean
[122/1403] skip Vsa/Sim/EvalIntPilot.lean
[123/1403] skip Vsa/Sim/EvalIntSim.lean
[124/1403] skip Vsa/Sim/Code/Memcpy.lean
[125/1403] skip Vsa/Sim/DecodeTable/Batch01Part16.lean
[126/1403] skip Vsa/Sim/DecodeTable/Batch02Part26.lean
[127/1403] skip Vsa/Sim/DecodeTable/Batch16Part15.lean
[128/1403] skip Vsa/Sim/DecodeTable/Batch16Part16.lean
[129/1403] skip Vsa/Sim/Code/__hidden___udivdi3.lean
[130/1403] skip Vsa/Sim/DecodeTable/Batch01Part19.lean
[131/1403] skip Vsa/Sim/DecodeTable/Batch02Part25.lean
[132/1403] skip Vsa/Sim/DecodeTable/Batch04Part04.lean
[133/1403] skip Vsa/Sim/DecodeTable/Batch04Part08.lean
[134/1403] skip Vsa/Sim/DecodeTable/Batch04Part10.lean
[135/1403] skip Vsa/Sim/DecodeTable/Batch04Part15.lean
[136/1403] skip Vsa/Sim/DecodeTable/Batch06Part22.lean
[137/1403] skip Vsa/Sim/DecodeTable/Batch11Part22.lean
[138/1403] skip Vsa/Sim/DecodeTable/Batch16Part13.lean
[139/1403] skip Vsa/Sim/DecodeTable/Batch16Part26.lean
[140/1403] skip Vsa/Sim/DivSites.lean
[141/1403] skip Vsa/Sim/MemcpySites.lean
[142/1403] skip Vsa/Sim/MemcpySpec.lean
[143/1403] skip Vsa/Sim/ReprCopy.lean
[144/1403] skip Vsa/Sim/ValueTruthySpec.lean
[145/1403] skip Vsa/Sim/ObsAvoid.lean
[146/1403] skip Vsa/Sim/EvalSimCommon.lean
[147/1403] skip Vsa/Sim/AllocClosure.lean
[148/1403] skip Vsa/Sim/Code/Interp_run.lean
[149/1403] skip Vsa/Sim/Code/Runtime_error.lean
[150/1403] skip Vsa/Sim/Code/Longjmp.lean
[151/1403] skip Vsa/Sim/Code/Setjmp.lean
[152/1403] skip Vsa/Sim/DecodeTable/Batch03Part28.lean
[153/1403] skip Vsa/Sim/DecodeTable/Batch05Part15.lean
[154/1403] skip Vsa/Sim/DecodeTable/Batch06Part04.lean
[155/1403] skip Vsa/Sim/DecodeTable/Batch06Part21.lean
[156/1403] skip Vsa/Sim/DecodeTable/Batch06Part31.lean
[157/1403] skip Vsa/Sim/DecodeTable/Batch07Part09.lean
[158/1403] skip Vsa/Sim/DecodeTable/Batch07Part13.lean
[159/1403] skip Vsa/Sim/DecodeTable/Batch07Part14.lean
[160/1403] skip Vsa/Sim/DecodeTable/Batch07Part15.lean
[161/1403] skip Vsa/Sim/DecodeTable/Batch07Part16.lean
[162/1403] skip Vsa/Sim/DecodeTable/Batch07Part19.lean
[163/1403] skip Vsa/Sim/DecodeTable/Batch07Part26.lean
[164/1403] skip Vsa/Sim/DecodeTable/Batch07Part32.lean
[165/1403] skip Vsa/Sim/DecodeTable/Batch08Part05.lean
[166/1403] skip Vsa/Sim/DecodeTable/Batch08Part07.lean
[167/1403] skip Vsa/Sim/DecodeTable/Batch08Part08.lean
[168/1403] skip Vsa/Sim/DecodeTable/Batch08Part09.lean
[169/1403] skip Vsa/Sim/DecodeTable/Batch08Part12.lean
[170/1403] skip Vsa/Sim/DecodeTable/Batch08Part14.lean
[171/1403] skip Vsa/Sim/DecodeTable/Batch08Part17.lean
[172/1403] skip Vsa/Sim/DecodeTable/Batch08Part25.lean
[173/1403] skip Vsa/Sim/JmpSites.lean
[174/1403] skip Vsa/Sim/JmpSpec.lean
[175/1403] skip Vsa/While/ErrorSem.lean
[176/1403] skip Vsa/Sim/ErrorSim.lean
[177/1403] skip Vsa/Sim/Code/__divdi3.lean
[178/1403] skip Vsa/Sim/Code/__moddi3.lean
[179/1403] skip Vsa/Sim/Code/__umoddi3.lean
[180/1403] skip Vsa/Sim/DecodeTable/Batch15Part28.lean
[181/1403] skip Vsa/Sim/DecodeTable/Batch15Part32.lean
[182/1403] skip Vsa/Sim/DivSpec.lean
[183/1403] skip Vsa/Sim/DivLoops.lean
[184/1403] skip Vsa/Sim/DivSites2.lean
[185/1403] skip Vsa/Sim/RegPins.lean
[186/1403] skip Vsa/Sim/BlockPilot.lean
[187/1403] skip Vsa/Sim/MemLoadTotal.lean
[188/1403] skip Vsa/Sim/ExecLoadTotal.lean
[189/1403] skip Vsa/Sim/BlockMem.lean
[190/1403] skip Vsa/Sim/BlockTerm.lean
[191/1403] skip Vsa/Sim/ConsoleStream.lean
[192/1403] skip Vsa/Sim/CallExternalContracts.lean
[193/1403] skip Vsa/Sim/Code/Env_define.lean
[194/1403] skip Vsa/Sim/Code/Env_new.lean
[195/1403] skip Vsa/Sim/Code/Native_assert.lean
[196/1403] skip Vsa/Sim/Code/Native_print.lean
[197/1403] skip Vsa/Sim/Code/Native_println.lean
[198/1403] skip Vsa/Sim/Code/Strlen.lean
[199/1403] skip Vsa/Sim/DecodeTable/Batch08Part19.lean
[200/1403] skip Vsa/Sim/AstTransport.lean
[201/1403] skip Vsa/Sim/DecodeTable/Batch02Part03.lean
[202/1403] skip Vsa/Sim/DecodeTable/Batch02Part08.lean
[203/1403] skip Vsa/Sim/DecodeTable/Batch02Part22.lean
[204/1403] skip Vsa/Sim/DecodeTable/Batch03Part06.lean
[205/1403] skip Vsa/Sim/DecodeTable/Batch03Part18.lean
[206/1403] skip Vsa/Sim/DecodeTable/Batch03Part21.lean
[207/1403] skip Vsa/Sim/DecodeTable/Batch03Part23.lean
[208/1403] skip Vsa/Sim/DecodeTable/Batch03Part26.lean
[209/1403] skip Vsa/Sim/DecodeTable/Batch04Part06.lean
[210/1403] skip Vsa/Sim/DecodeTable/Batch04Part13.lean
[211/1403] skip Vsa/Sim/DecodeTable/Batch04Part18.lean
[212/1403] skip Vsa/Sim/DecodeTable/Batch05Part12.lean
[213/1403] skip Vsa/Sim/DecodeTable/Batch05Part20.lean
[214/1403] skip Vsa/Sim/DecodeTable/Batch05Part21.lean
[215/1403] skip Vsa/Sim/DecodeTable/Batch05Part26.lean
[216/1403] skip Vsa/Sim/DecodeTable/Batch05Part27.lean
[217/1403] skip Vsa/Sim/DecodeTable/Batch05Part29.lean
[218/1403] skip Vsa/Sim/DecodeTable/Batch05Part30.lean
[219/1403] skip Vsa/Sim/DecodeTable/Batch06Part02.lean
[220/1403] skip Vsa/Sim/DecodeTable/Batch06Part17.lean
[221/1403] skip Vsa/Sim/DecodeTable/Batch06Part28.lean
[222/1403] skip Vsa/Sim/DecodeTable/Batch06Part30.lean
[223/1403] skip Vsa/Sim/DecodeTable/Batch07Part07.lean
[224/1403] skip Vsa/Sim/DecodeTable/Batch07Part12.lean
[225/1403] skip Vsa/Sim/DecodeTable/Batch07Part17.lean
[226/1403] skip Vsa/Sim/DecodeTable/Batch07Part23.lean
[227/1403] skip Vsa/Sim/DecodeTable/Batch16Part01.lean
[228/1403] skip Vsa/Sim/EnvDefSites.lean
[229/1403] skip Vsa/Sim/StepFrameOut.lean
[230/1403] skip Vsa/Sim/ChainFrameOut.lean
[231/1403] skip Vsa/Sim/Code/Strcmp.lean
[232/1403] skip Vsa/Sim/DecodeTable/Batch01Part09.lean
[233/1403] skip Vsa/Sim/DecodeTable/Batch03Part13.lean
[234/1403] skip Vsa/Sim/DecodeTable/Batch03Part16.lean
[235/1403] skip Vsa/Sim/DecodeTable/Batch04Part16.lean
[236/1403] skip Vsa/Sim/DecodeTable/Batch04Part30.lean
[237/1403] skip Vsa/Sim/DecodeTable/Batch05Part01.lean
[238/1403] skip Vsa/Sim/DecodeTable/Batch05Part03.lean
[239/1403] skip Vsa/Sim/DecodeTable/Batch05Part14.lean
[240/1403] skip Vsa/Sim/DecodeTable/Batch05Part16.lean
[241/1403] skip Vsa/Sim/DecodeTable/Batch05Part17.lean
[242/1403] skip Vsa/Sim/DecodeTable/Batch06Part23.lean
[243/1403] skip Vsa/Sim/DecodeTable/Batch07Part03.lean
[244/1403] skip Vsa/Sim/DecodeTable/Batch07Part06.lean
[245/1403] skip Vsa/Sim/DecodeTable/Batch07Part10.lean
[246/1403] skip Vsa/Sim/DecodeTable/Batch07Part11.lean
[247/1403] skip Vsa/Sim/DecodeTable/Batch08Part02.lean
[248/1403] skip Vsa/Sim/DecodeTable/Batch09Part10.lean
[249/1403] skip Vsa/Sim/DecodeTable/Batch09Part17.lean
[250/1403] skip Vsa/Sim/DecodeTable/Batch09Part18.lean
[251/1403] skip Vsa/Sim/DecodeTable/Batch09Part28.lean
[252/1403] skip Vsa/Sim/DecodeTable/Batch09Part29.lean
[253/1403] skip Vsa/Sim/DecodeTable/Batch11Part25.lean
[254/1403] skip Vsa/Sim/DecodeTable/Batch15Part02.lean
[255/1403] skip Vsa/Sim/DecodeTable/Batch15Part27.lean
[256/1403] skip Vsa/Sim/DecodeTable/Batch16Part05.lean
[257/1403] skip Vsa/Sim/DecodeTable/Batch16Part25.lean
[258/1403] skip Vsa/Sim/StrlenMagic.lean
[259/1403] skip Vsa/Sim/StrcmpSites.lean
[260/1403] skip Vsa/Sim/DecodeTable/Batch01Part28.lean
[261/1403] skip Vsa/Sim/DecodeTable/Batch03Part15.lean
[262/1403] skip Vsa/Sim/DecodeTable/Batch04Part14.lean
[263/1403] skip Vsa/Sim/DecodeTable/Batch04Part19.lean
[264/1403] skip Vsa/Sim/DecodeTable/Batch07Part28.lean
[265/1403] skip Vsa/Sim/DecodeTable/Batch08Part30.lean
[266/1403] skip Vsa/Sim/DecodeTable/Batch11Part20.lean
[267/1403] skip Vsa/Sim/DecodeTable/Batch13Part06.lean
[268/1403] skip Vsa/Sim/DecodeTable/Batch15Part25.lean
[269/1403] skip Vsa/Sim/DecodeTable/Batch15Part26.lean
[270/1403] skip Vsa/Sim/DecodeTable/Batch16Part11.lean
[271/1403] skip Vsa/Sim/DecodeTable/Batch16Part21.lean
[272/1403] skip Vsa/Sim/DecodeTable/Batch16Part22.lean
[273/1403] skip Vsa/Sim/DecodeTable/Batch16Part23.lean
[274/1403] skip Vsa/Sim/DecodeTable/Batch16Part28.lean
[275/1403] skip Vsa/Sim/StrlenSites.lean
[276/1403] skip Vsa/Sim/StrlenSpec.lean
[277/1403] skip Vsa/Sim/StrcmpSpec.lean
[278/1403] skip Vsa/Sim/StrcmpSpecW.lean
[279/1403] skip Vsa/Sim/StrcmpSpecW2.lean
[280/1403] skip Vsa/Sim/StrcmpSpecW3.lean
[281/1403] skip Vsa/Sim/StrcmpSpecW4.lean
[282/1403] skip Vsa/Sim/EnvDefSpec.lean
[283/1403] skip Vsa/Sim/EnvDefSpec2.lean
[284/1403] skip Vsa/Sim/ReallocSpec.lean
[285/1403] skip Vsa/Sim/StoreInvariant.lean
[286/1403] skip Vsa/Sim/rows/StoreReprPhicRebase.lean
[287/1403] skip Vsa/Sim/HeapOps.lean
[288/1403] skip Vsa/Sim/DecodeTable/Batch14Part10.lean
[289/1403] skip Vsa/Sim/DecodeTable/Batch16Part04.lean
[290/1403] skip Vsa/Sim/DivSpec2.lean
[291/1403] skip Vsa/Sim/EvalIntSim2.lean
[292/1403] skip Vsa/Sim/EvalIntSim3.lean
[293/1403] skip Vsa/Sim/EvalIntSim4.lean
[294/1403] skip Vsa/Sim/EvalNullSim.lean
[295/1403] skip Vsa/Sim/EvalRecCommon.lean
[296/1403] skip Vsa/Sim/EvalBoolSim.lean
[297/1403] skip Vsa/Sim/DecodeTable/Batch16Part07.lean
[298/1403] skip Vsa/Sim/EvalStrSim.lean
[299/1403] skip Vsa/Sim/DecodeTable/Batch04Part21.lean
[300/1403] skip Vsa/Sim/DecodeTable/Batch09Part26.lean
[301/1403] skip Vsa/Sim/DecodeTable/Batch11Part04.lean
[302/1403] skip Vsa/Sim/EnvDefSpec3.lean
[303/1403] skip Vsa/Sim/DecodeTable/Batch02Part04.lean
[304/1403] skip Vsa/Sim/DecodeTable/Batch02Part06.lean
[305/1403] skip Vsa/Sim/DecodeTable/Batch03Part25.lean
[306/1403] skip Vsa/Sim/DecodeTable/Batch04Part28.lean
[307/1403] skip Vsa/Sim/DecodeTable/Batch05Part07.lean
[308/1403] skip Vsa/Sim/DecodeTable/Batch05Part09.lean
[309/1403] skip Vsa/Sim/DecodeTable/Batch05Part19.lean
[310/1403] skip Vsa/Sim/DecodeTable/Batch06Part07.lean
[311/1403] skip Vsa/Sim/DecodeTable/Batch08Part22.lean
[312/1403] skip Vsa/Sim/DecodeTable/Batch09Part04.lean
[313/1403] skip Vsa/Sim/DecodeTable/Batch10Part24.lean
[314/1403] skip Vsa/Sim/DecodeTable/Batch15Part23.lean
[315/1403] skip Vsa/Sim/Code/Env_get.lean
[316/1403] skip Vsa/Sim/Code/Env_set.lean
[317/1403] skip Vsa/Sim/EnvGetSites.lean
[318/1403] skip Vsa/Sim/EnvGetSites2.lean
[319/1403] skip Vsa/Sim/EnvGetSpec.lean
[320/1403] skip Vsa/Sim/EnvGetSpec2.lean
[321/1403] skip Vsa/Sim/EnvGetSpec3.lean
[322/1403] skip Vsa/Sim/EnvGetSpec4.lean
[323/1403] skip Vsa/Sim/EvalVarSim.lean
[324/1403] skip Vsa/Sim/InductionScaffold.lean
[325/1403] skip Vsa/While/Cost.lean
[326/1403] skip Vsa/Sim/rows/StoreWF.lean
[327/1403] skip Vsa/Sim/CallEntry.lean
[328/1403] skip Vsa/Sim/Code/Exec_stmt.lean
[329/1403] skip Vsa/Sim/DecodeTable/Batch02Part02.lean
[330/1403] skip Vsa/Sim/DecodeTable/Batch02Part28.lean
[331/1403] skip Vsa/Sim/DecodeTable/Batch03Part07.lean
[332/1403] skip Vsa/Sim/DecodeTable/Batch05Part11.lean
[333/1403] skip Vsa/Sim/DecodeTable/Batch05Part13.lean
[334/1403] skip Vsa/Sim/DecodeTable/Batch15Part06.lean
[335/1403] skip Vsa/Sim/DecodeTable/Batch15Part12.lean
[336/1403] skip Vsa/Sim/DecodeTable/Batch15Part13.lean
[337/1403] skip Vsa/Sim/DecodeTable/Batch16Part06.lean
[338/1403] skip Vsa/Sim/ExecBlockSites.lean
[339/1403] skip Vsa/Sim/ExecEntry.lean
[340/1403] skip Vsa/Sim/ExecSimCommon.lean
[341/1403] skip Vsa/Sim/DecodeTable/Batch01Part13.lean
[342/1403] skip Vsa/Sim/DecodeTable/Batch01Part24.lean
[343/1403] skip Vsa/Sim/DecodeTable/Batch03Part17.lean
[344/1403] skip Vsa/Sim/DecodeTable/Batch08Part20.lean
[345/1403] skip Vsa/Sim/DecodeTable/Batch09Part01.lean
[346/1403] skip Vsa/Sim/DecodeTable/Batch09Part09.lean
[347/1403] skip Vsa/Sim/DecodeTable/Batch09Part12.lean
[348/1403] skip Vsa/Sim/DecodeTable/Batch15Part22.lean
[349/1403] skip Vsa/Sim/DecodeTable/Batch15Part31.lean
[350/1403] skip Vsa/Sim/Exec_stmtSites.lean
[351/1403] skip Vsa/Sim/GeomFacts.lean
[352/1403] skip Vsa/Sim/ExecBrkCont.lean
[353/1403] skip Vsa/Sim/DecodeTable/Batch04Part27.lean
[354/1403] skip Vsa/Sim/DecodeTable/Batch05Part06.lean
[355/1403] skip Vsa/Sim/DecodeTable/Batch10Part13.lean
[356/1403] skip Vsa/Sim/DecodeTable/Batch13Part11.lean
[357/1403] skip Vsa/Sim/DecodeTable/Batch15Part18.lean
[358/1403] skip Vsa/Sim/Exec_stmtSites2.lean
[359/1403] skip Vsa/Sim/ExecExprRet.lean
[360/1403] skip Vsa/Sim/ExecRecCommon.lean
[361/1403] skip Vsa/Sim/ExecSeqLoop.lean
[362/1403] skip Vsa/Sim/ExecBlock.lean
[363/1403] skip Vsa/Sim/ExecDispatch.lean
[364/1403] skip Vsa/Sim/TripleCat.lean
[365/1403] skip Vsa/Sim/RecursiveStepGeom.lean
[366/1403] skip Vsa/Sim/ExecSeqIndexed.lean
[367/1403] skip Vsa/Sim/TermSimAssembly.lean
[368/1403] skip Vsa/Sim/ErrorSimFull.lean
[369/1403] skip Vsa/While/Trichotomy.lean
[370/1403] skip Vsa/Sim/DivergeSim.lean
[371/1403] skip Vsa/Sim/StuckSimClose.lean
[372/1403] skip Vsa/Sim/InterpSimBundle.lean
[373/1403] skip Vsa/Sim/DivFamily.lean
[374/1403] skip Vsa/Sim/Code/FixedImageData.lean
[375/1403] skip Vsa/Sim/Code/FixedImage.lean
[376/1403] skip Vsa/Sim/Code/FixedImage_Interp_run.lean
[377/1403] skip Vsa/Sim/Code/FixedImage_Setjmp.lean
[378/1403] skip Vsa/Sim/ExitRuntimeData.lean
[379/1403] skip Vsa/Sim/Code/ImageStatics.lean
[380/1403] skip Vsa/Sim/Code/LldFmt.lean
[381/1403] skip Vsa/Sim/DecodeTable/Batch01Part02.lean
[382/1403] skip Vsa/Sim/DecodeTable/Batch01Part31.lean
[383/1403] skip Vsa/Sim/DecodeTable/Batch02Part30.lean
[384/1403] skip Vsa/Sim/DecodeTable/Batch13Part21.lean
[385/1403] skip Vsa/Sim/DecodeTable/Batch08Part31.lean
[386/1403] skip Vsa/Sim/DecodeTable/Batch09Part24.lean
[387/1403] skip Vsa/Sim/DecodeTable/Batch10Part30.lean
[388/1403] skip Vsa/Sim/DecodeTable/Batch11Part27.lean
[389/1403] skip Vsa/Sim/DecodeTable/Batch12Part07.lean
[390/1403] skip Vsa/Sim/DecodeTable/Batch13Part02.lean
[391/1403] skip Vsa/Sim/DecodeTable/Batch14Part05.lean
[392/1403] skip Vsa/Sim/Code/FlushPins.lean
[393/1403] skip Vsa/Sim/DecodeTable/Batch02Part05.lean
[394/1403] skip Vsa/Sim/DecodeTable/Batch02Part09.lean
[395/1403] skip Vsa/Sim/DecodeTable/Batch05Part31.lean
[396/1403] skip Vsa/Sim/DecodeTable/Batch06Part18.lean
[397/1403] skip Vsa/Sim/DecodeTable/Batch07Part08.lean
[398/1403] skip Vsa/Sim/DecodeTable/Batch07Part18.lean
[399/1403] skip Vsa/Sim/DecodeTable/Batch08Part21.lean
[400/1403] skip Vsa/Sim/DecodeTable/Batch11Part31.lean
[401/1403] skip Vsa/Sim/DecodeTable/Batch13Part04.lean
[402/1403] skip Vsa/Sim/DecodeTable/Batch14Part31.lean
[403/1403] skip Vsa/Sim/DecodeTable/Batch15Part21.lean
[404/1403] skip Vsa/Sim/DecodeTable/Batch16Part20.lean
[405/1403] skip Vsa/Sim/Code/SvfprintfSlice.lean
[406/1403] skip Vsa/Sim/DecodeTable/Batch01Part12.lean
[407/1403] skip Vsa/Sim/DecodeTable/Batch02Part15.lean
[408/1403] skip Vsa/Sim/DecodeTable/Batch03Part27.lean
[409/1403] skip Vsa/Sim/DecodeTable/Batch03Part29.lean
[410/1403] skip Vsa/Sim/DecodeTable/Batch14Part08.lean
[411/1403] skip Vsa/Sim/DecodeTable/Batch16Part03.lean
[412/1403] skip Vsa/Sim/DecodeTable/Batch16Part12.lean
[413/1403] skip Vsa/Sim/DecodeTable/Batch16Part31.lean
[414/1403] skip Vsa/Sim/Code/Strcpy.lean
[415/1403] skip Vsa/Sim/DecodeTable/Batch01Part27.lean
[416/1403] skip Vsa/Sim/DecodeTable/Batch02Part27.lean
[417/1403] skip Vsa/Sim/DecodeTable/Batch03Part02.lean
[418/1403] skip Vsa/Sim/DecodeTable/Batch03Part12.lean
[419/1403] skip Vsa/Sim/DecodeTable/Batch04Part17.lean
[420/1403] skip Vsa/Sim/DecodeTable/Batch04Part22.lean
[421/1403] skip Vsa/Sim/DecodeTable/Batch04Part23.lean
[422/1403] skip Vsa/Sim/DecodeTable/Batch04Part25.lean
[423/1403] skip Vsa/Sim/DecodeTable/Batch04Part26.lean
[424/1403] skip Vsa/Sim/DecodeTable/Batch04Part32.lean
[425/1403] skip Vsa/Sim/DecodeTable/Batch06Part24.lean
[426/1403] skip Vsa/Sim/DecodeTable/Batch07Part27.lean
[427/1403] skip Vsa/Sim/DecodeTable/Batch16Part10.lean
[428/1403] skip Vsa/Sim/DecodeTable/Batch16Part18.lean
[429/1403] skip Vsa/Sim/StrcpySites.lean
[430/1403] skip Vsa/Sim/SnprintfSites.lean
[431/1403] skip Vsa/Sim/SnprintfSitesFlush.lean
[432/1403] skip Vsa/Sim/KeepRegs.lean
[433/1403] skip Vsa/Sim/DecodeTable/Batch01Part26.lean
[434/1403] skip Vsa/Sim/DecodeTable/Batch02Part07.lean
[435/1403] skip Vsa/Sim/DecodeTable/Batch06Part29.lean
[436/1403] skip Vsa/Sim/DecodeTable/Batch07Part20.lean
[437/1403] skip Vsa/Sim/DecodeTable/Batch08Part23.lean
[438/1403] skip Vsa/Sim/DecodeTable/Batch10Part06.lean
[439/1403] skip Vsa/Sim/DecodeTable/Batch10Part14.lean
[440/1403] skip Vsa/Sim/DecodeTable/Batch11Part17.lean
[441/1403] skip Vsa/Sim/SnprintfSites3.lean
[442/1403] skip Vsa/Sim/DecodeTable/Batch11Part19.lean
[443/1403] skip Vsa/Sim/DecodeTable/Batch11Part21.lean
[444/1403] skip Vsa/Sim/DivSites3.lean
[445/1403] skip Vsa/Sim/DivSpec3.lean
[446/1403] skip Vsa/Sim/SnprintfSpec.lean
[447/1403] skip Vsa/Sim/SnprintfSpec2.lean
[448/1403] skip Vsa/Sim/SnprintfSpec3.lean
[449/1403] skip Vsa/Sim/DecodeTable/Batch07Part02.lean
[450/1403] skip Vsa/Sim/DecodeTable/Batch11Part23.lean
[451/1403] skip Vsa/Sim/SnprintfSites2.lean
[452/1403] skip Vsa/Sim/SnprintfSpec4.lean
[453/1403] skip Vsa/Sim/SnprintfSpec5.lean
[454/1403] skip Vsa/Sim/SnprintfSpec6.lean
[455/1403] skip Vsa/Sim/DecodeTable/Batch02Part21.lean
[456/1403] skip Vsa/Sim/DecodeTable/Batch05Part10.lean
[457/1403] skip Vsa/Sim/DecodeTable/Batch12Part21.lean
[458/1403] skip Vsa/Sim/DecodeTable/Batch16Part17.lean
[459/1403] skip Vsa/Sim/Code/Value_equal.lean
[460/1403] skip Vsa/Sim/DecodeTable/Batch03Part11.lean
[461/1403] skip Vsa/Sim/DecodeTable/Batch11Part24.lean
[462/1403] skip Vsa/Sim/DecodeTable/Batch12Part27.lean
[463/1403] skip Vsa/Sim/ValueEqualSites.lean
[464/1403] skip Vsa/Sim/ValueEqualSites3.lean
[465/1403] skip Vsa/Sim/ValueEqualSites2.lean
[466/1403] skip Vsa/Sim/ValueEqualSpec.lean
[467/1403] skip Vsa/Sim/ValueEqualSpec2.lean
[468/1403] skip Vsa/Sim/ValueEqualSpec3.lean
[469/1403] skip Vsa/Sim/SnprintfSpec7.lean
[470/1403] skip Vsa/Sim/SnprintfSpec11.lean
[471/1403] skip Vsa/Sim/SnprintfSpec12.lean
[472/1403] skip Vsa/Sim/SnprintfSpec13.lean
[473/1403] skip Vsa/Sim/ImageDischarge.lean
[474/1403] skip Vsa/Sim/LayoutInstance.lean
[475/1403] skip Vsa/Sim/Htif.lean
[476/1403] skip Vsa/Sim/HtifMmio.lean
[477/1403] skip Vsa/Sim/HtifLift.lean
[478/1403] skip Vsa/Sim/ErrorTail.lean
[479/1403] skip Vsa/Sim/TermSimClose.lean
[480/1403] skip Vsa/Sim/TermEntry.lean
[481/1403] skip Vsa/Sim/EntryHalts.lean
[482/1403] skip Vsa/Sim/DivCorrClose.lean
[483/1403] skip Vsa/Sim/DivLoopProgressClose.lean
[484/1403] skip Vsa/Sim/InterpRunLoopSeamsClose.lean
[485/1403] skip Vsa/Sim/BlockAdapter.lean
[486/1403] skip Vsa/Sim/BlockDecode.lean
[487/1403] skip Vsa/Sim/CodeRangeInsert.lean
[488/1403] skip Vsa/Sim/MfrAttr.lean
[489/1403] skip Vsa/Sim/Mfr.lean
[490/1403] skip Vsa/Sim/DecodeTable/Batch06Part16.lean
[491/1403] skip Vsa/Sim/DecodeTable/Batch06Part20.lean
[492/1403] skip Vsa/Sim/DecodeTable/Batch12Part19.lean
[493/1403] skip Vsa/Sim/EnvNewSites.lean
[494/1403] skip Vsa/Sim/EnvNewSpec.lean
[495/1403] skip Vsa/Sim/EnvDefSpec4.lean
[496/1403] skip Vsa/Sim/Code/Memmove.lean
[497/1403] skip Vsa/Sim/DecodeTable/Batch06Part15.lean
[498/1403] skip Vsa/Sim/DecodeTable/Batch06Part32.lean
[499/1403] skip Vsa/Sim/DecodeTable/Batch07Part05.lean
[500/1403] skip Vsa/Sim/DecodeTable/Batch09Part23.lean
[501/1403] skip Vsa/Sim/DecodeTable/Batch16Part14.lean
[502/1403] skip Vsa/Sim/DecodeTable/Batch01Part11.lean
[503/1403] skip Vsa/Sim/DecodeTable/Batch02Part17.lean
[504/1403] skip Vsa/Sim/DecodeTable/Batch05Part22.lean
[505/1403] skip Vsa/Sim/DecodeTable/Batch06Part10.lean
[506/1403] skip Vsa/Sim/DecodeTable/Batch08Part27.lean
[507/1403] skip Vsa/Sim/DecodeTable/Batch09Part22.lean
[508/1403] skip Vsa/Sim/DecodeTable/Batch10Part29.lean
[509/1403] skip Vsa/Sim/DecodeTable/Batch11Part29.lean
[510/1403] skip Vsa/Sim/DecodeTable/Batch12Part08.lean
[511/1403] skip Vsa/Sim/DecodeTable/Batch12Part16.lean
[512/1403] skip Vsa/Sim/DecodeTable/Batch12Part18.lean
[513/1403] skip Vsa/Sim/SnprintfSpec17.lean
[514/1403] skip Vsa/Sim/StrcpySpec.lean
[515/1403] skip Vsa/Sim/SnprintfSpec18.lean
[516/1403] skip Vsa/Sim/Code/__ssputs_r.lean
[517/1403] skip Vsa/Sim/DecodeTable/Batch08Part01.lean
[518/1403] skip Vsa/Sim/DecodeTable/Batch15Part04.lean
[519/1403] skip Vsa/Sim/SsputsSites.lean
[520/1403] skip Vsa/Sim/SnprintfSpec19.lean
[521/1403] skip Vsa/Sim/FrameOn.lean
[522/1403] skip Vsa/Sim/PtrArith.lean
[523/1403] skip Vsa/Sim/Code/__ssprint_r.lean
[524/1403] skip Vsa/Sim/SnprintfSpec9.lean
[525/1403] skip Vsa/Sim/DecodeTable/Batch08Part06.lean
[526/1403] skip Vsa/Sim/DecodeTable/Batch08Part29.lean
[527/1403] skip Vsa/Sim/DecodeTable/Batch10Part21.lean
[528/1403] skip Vsa/Sim/DecodeTable/Batch15Part29.lean
[529/1403] skip Vsa/Sim/DecodeTable/Batch16Part29.lean
[530/1403] skip Vsa/Sim/SsprintSites.lean
[531/1403] skip Vsa/Sim/SnprintfSpec20.lean
[532/1403] skip Vsa/Sim/Code/__locale_mb_cur_max.lean
[533/1403] skip Vsa/Sim/SnprintfSitesRet3.lean
[534/1403] skip Vsa/Sim/Code/__ascii_mbtowc.lean
[535/1403] skip Vsa/Sim/DecodeTable/RetSupp.lean
[536/1403] skip Vsa/Sim/SnprintfSitesRet4.lean
[537/1403] skip Vsa/Sim/DecodeTable/Batch01Part30.lean
[538/1403] skip Vsa/Sim/DecodeTable/Batch07Part29.lean
[539/1403] skip Vsa/Sim/DecodeTable/Batch09Part14.lean
[540/1403] skip Vsa/Sim/DecodeTable/Batch09Part27.lean
[541/1403] skip Vsa/Sim/DecodeTable/Batch10Part16.lean
[542/1403] skip Vsa/Sim/DecodeTable/Batch10Part17.lean
[543/1403] skip Vsa/Sim/DecodeTable/Batch10Part18.lean
[544/1403] skip Vsa/Sim/DecodeTable/Batch10Part19.lean
[545/1403] skip Vsa/Sim/DecodeTable/Batch10Part20.lean
[546/1403] skip Vsa/Sim/DecodeTable/Batch10Part22.lean
[547/1403] skip Vsa/Sim/DecodeTable/Batch10Part23.lean
[548/1403] skip Vsa/Sim/DecodeTable/Batch10Part25.lean
[549/1403] skip Vsa/Sim/DecodeTable/Batch11Part03.lean
[550/1403] skip Vsa/Sim/DecodeTable/Batch15Part03.lean
[551/1403] skip Vsa/Sim/SnprintfSitesRet.lean
[552/1403] skip Vsa/Sim/SnprintfSitesRet5.lean
[553/1403] skip Vsa/Sim/SlotFrame.lean
[554/1403] skip Vsa/Sim/DecodeTable/Batch10Part26.lean
[555/1403] skip Vsa/Sim/DecodeTable/Batch13Part30.lean
[556/1403] skip Vsa/Sim/SnprintfSitesRet2.lean
[557/1403] skip Vsa/Sim/SnprintfSpec21.lean
[558/1403] skip Vsa/Sim/SnprintfSpec22.lean
[559/1403] skip Vsa/Sim/SnprintfSpec23.lean
[560/1403] skip Vsa/Sim/SnprintfSpec24.lean
[561/1403] skip Vsa/Sim/SnprintfSpec25.lean
[562/1403] skip Vsa/Sim/WriteLogNF.lean
[563/1403] skip Vsa/Sim/SegEval.lean
[564/1403] skip Vsa/Sim/SegEvalSound.lean
[565/1403] skip Vsa/Sim/FrameCalc.lean
[566/1403] skip Vsa/Sim/DeriveCase.lean
[567/1403] skip Vsa/Sim/DeriveCaseRow.lean
[568/1403] skip Vsa/Sim/StepCount.lean
[569/1403] skip Vsa/Sim/ExecBlock2.lean
[570/1403] skip Vsa/Sim/ExecWhileSites.lean
[571/1403] skip Vsa/Sim/ExecWhile.lean
[572/1403] skip Vsa/Sim/ExecWhile2.lean
[573/1403] skip Vsa/Sim/ExecFor.lean
[574/1403] skip Vsa/Sim/ExecForStart.lean
[575/1403] skip Vsa/Sim/ExecIfSites.lean
[576/1403] skip Vsa/Sim/ExecIf.lean
[577/1403] skip Vsa/Sim/ExecIf2.lean
[578/1403] skip Vsa/Sim/ExecWhileIndexed.lean
[579/1403] skip Vsa/Sim/EnvGetSpec5.lean
[580/1403] skip Vsa/Sim/EnvGetSpec6.lean
[581/1403] skip Vsa/Sim/ExecRet.lean
[582/1403] skip Vsa/Sim/ExecRetNull.lean
[583/1403] skip Vsa/Sim/DecodeTable/Batch08Part16.lean
[584/1403] skip Vsa/Sim/DecodeTable/Batch13Part13.lean
[585/1403] skip Vsa/Sim/DecodeTable/Batch13Part20.lean
[586/1403] skip Vsa/Sim/Exec_stmtSites3.lean
[587/1403] skip Vsa/Sim/ExecVarDecl.lean
[588/1403] skip Vsa/Sim/ExecVarNull.lean
[589/1403] skip Vsa/Sim/WidenMeta.lean
[590/1403] skip Vsa/Sim/rows/ExecCaseGeom.lean
[591/1403] skip Vsa/Sim/rows/ExecRecRows.lean
[592/1403] skip Vsa/Sim/rows/ExecIHWiden.lean
[593/1403] skip Vsa/Sim/rows/ExecDispatchRows.lean
[594/1403] skip Vsa/Sim/DecodeTable/Batch01Part03.lean
[595/1403] skip Vsa/Sim/DecodeTable/Batch01Part05.lean
[596/1403] skip Vsa/Sim/DecodeTable/Batch01Part06.lean
[597/1403] skip Vsa/Sim/DecodeTable/Batch01Part07.lean
[598/1403] skip Vsa/Sim/DecodeTable/Batch01Part17.lean
[599/1403] skip Vsa/Sim/DecodeTable/Batch01Part25.lean
[600/1403] skip Vsa/Sim/DecodeTable/Batch01.lean
[601/1403] skip Vsa/Sim/DecodeTable/Batch02Part01.lean
[602/1403] skip Vsa/Sim/DecodeTable/Batch02Part10.lean
[603/1403] skip Vsa/Sim/DecodeTable/Batch02Part11.lean
[604/1403] skip Vsa/Sim/DecodeTable/Batch02Part12.lean
[605/1403] skip Vsa/Sim/DecodeTable/Batch02Part13.lean
[606/1403] skip Vsa/Sim/DecodeTable/Batch02Part14.lean
[607/1403] skip Vsa/Sim/DecodeTable/Batch02Part16.lean
[608/1403] skip Vsa/Sim/DecodeTable/Batch02Part18.lean
[609/1403] skip Vsa/Sim/DecodeTable/Batch02Part19.lean
[610/1403] skip Vsa/Sim/DecodeTable/Batch02Part29.lean
[611/1403] skip Vsa/Sim/DecodeTable/Batch02Part31.lean
[612/1403] skip Vsa/Sim/DecodeTable/Batch02Part32.lean
[613/1403] skip Vsa/Sim/DecodeTable/Batch02.lean
[614/1403] skip Vsa/Sim/DecodeTable/Batch03Part04.lean
[615/1403] skip Vsa/Sim/DecodeTable/Batch03Part08.lean
[616/1403] skip Vsa/Sim/DecodeTable/Batch03Part10.lean
[617/1403] skip Vsa/Sim/DecodeTable/Batch03Part14.lean
[618/1403] skip Vsa/Sim/DecodeTable/Batch03Part24.lean
[619/1403] skip Vsa/Sim/DecodeTable/Batch03Part31.lean
[620/1403] skip Vsa/Sim/DecodeTable/Batch03Part32.lean
[621/1403] skip Vsa/Sim/DecodeTable/Batch03.lean
[622/1403] skip Vsa/Sim/DecodeTable/Batch04Part01.lean
[623/1403] skip Vsa/Sim/DecodeTable/Batch04Part05.lean
[624/1403] skip Vsa/Sim/DecodeTable/Batch04Part11.lean
[625/1403] skip Vsa/Sim/DecodeTable/Batch04Part12.lean
[626/1403] skip Vsa/Sim/DecodeTable/Batch04Part20.lean
[627/1403] skip Vsa/Sim/DecodeTable/Batch04.lean
[628/1403] skip Vsa/Sim/DecodeTable/Batch05Part02.lean
[629/1403] skip Vsa/Sim/DecodeTable/Batch05Part04.lean
[630/1403] skip Vsa/Sim/DecodeTable/Batch05Part05.lean
[631/1403] skip Vsa/Sim/DecodeTable/Batch05Part08.lean
[632/1403] skip Vsa/Sim/DecodeTable/Batch05Part18.lean
[633/1403] skip Vsa/Sim/DecodeTable/Batch05Part23.lean
[634/1403] skip Vsa/Sim/DecodeTable/Batch05Part25.lean
[635/1403] skip Vsa/Sim/DecodeTable/Batch05Part28.lean
[636/1403] skip Vsa/Sim/DecodeTable/Batch05Part32.lean
[637/1403] skip Vsa/Sim/DecodeTable/Batch05.lean
[638/1403] skip Vsa/Sim/DecodeTable/Batch06Part01.lean
[639/1403] skip Vsa/Sim/DecodeTable/Batch06Part03.lean
[640/1403] skip Vsa/Sim/DecodeTable/Batch06Part05.lean
[641/1403] skip Vsa/Sim/DecodeTable/Batch06Part06.lean
[642/1403] skip Vsa/Sim/DecodeTable/Batch06Part08.lean
[643/1403] skip Vsa/Sim/DecodeTable/Batch06Part09.lean
[644/1403] skip Vsa/Sim/DecodeTable/Batch06Part11.lean
[645/1403] skip Vsa/Sim/DecodeTable/Batch06Part12.lean
[646/1403] skip Vsa/Sim/DecodeTable/Batch06Part13.lean
[647/1403] skip Vsa/Sim/DecodeTable/Batch06Part19.lean
[648/1403] skip Vsa/Sim/DecodeTable/Batch06Part26.lean
[649/1403] skip Vsa/Sim/DecodeTable/Batch06Part27.lean
[650/1403] skip Vsa/Sim/DecodeTable/Batch06.lean
[651/1403] skip Vsa/Sim/DecodeTable/Batch07Part01.lean
[652/1403] skip Vsa/Sim/DecodeTable/Batch07Part21.lean
[653/1403] skip Vsa/Sim/DecodeTable/Batch07Part22.lean
[654/1403] skip Vsa/Sim/DecodeTable/Batch07Part24.lean
[655/1403] skip Vsa/Sim/DecodeTable/Batch07Part25.lean
[656/1403] skip Vsa/Sim/DecodeTable/Batch07Part30.lean
[657/1403] skip Vsa/Sim/DecodeTable/Batch07Part31.lean
[658/1403] skip Vsa/Sim/DecodeTable/Batch07.lean
[659/1403] skip Vsa/Sim/DecodeTable/Batch08Part03.lean
[660/1403] skip Vsa/Sim/DecodeTable/Batch08Part04.lean
[661/1403] skip Vsa/Sim/DecodeTable/Batch08Part10.lean
[662/1403] skip Vsa/Sim/DecodeTable/Batch08Part11.lean
[663/1403] skip Vsa/Sim/DecodeTable/Batch08Part13.lean
[664/1403] skip Vsa/Sim/DecodeTable/Batch08Part15.lean
[665/1403] skip Vsa/Sim/DecodeTable/Batch08Part18.lean
[666/1403] skip Vsa/Sim/DecodeTable/Batch08Part26.lean
[667/1403] skip Vsa/Sim/DecodeTable/Batch08Part28.lean
[668/1403] skip Vsa/Sim/DecodeTable/Batch08.lean
[669/1403] skip Vsa/Sim/DecodeTable/Batch09Part02.lean
[670/1403] skip Vsa/Sim/DecodeTable/Batch09Part06.lean
[671/1403] skip Vsa/Sim/DecodeTable/Batch09Part08.lean
[672/1403] skip Vsa/Sim/DecodeTable/Batch09Part11.lean
[673/1403] skip Vsa/Sim/DecodeTable/Batch09Part13.lean
[674/1403] skip Vsa/Sim/DecodeTable/Batch09Part15.lean
[675/1403] skip Vsa/Sim/DecodeTable/Batch09Part16.lean
[676/1403] skip Vsa/Sim/DecodeTable/Batch09Part19.lean
[677/1403] skip Vsa/Sim/DecodeTable/Batch09Part20.lean
[678/1403] skip Vsa/Sim/DecodeTable/Batch09Part21.lean
[679/1403] skip Vsa/Sim/DecodeTable/Batch09Part30.lean
[680/1403] skip Vsa/Sim/DecodeTable/Batch09Part31.lean
[681/1403] skip Vsa/Sim/DecodeTable/Batch09.lean
[682/1403] skip Vsa/Sim/DecodeTable/Batch10Part01.lean
[683/1403] skip Vsa/Sim/DecodeTable/Batch10Part02.lean
[684/1403] skip Vsa/Sim/DecodeTable/Batch10Part03.lean
[685/1403] skip Vsa/Sim/DecodeTable/Batch10Part04.lean
[686/1403] skip Vsa/Sim/DecodeTable/Batch10Part05.lean
[687/1403] skip Vsa/Sim/DecodeTable/Batch10Part07.lean
[688/1403] skip Vsa/Sim/DecodeTable/Batch10Part09.lean
[689/1403] skip Vsa/Sim/DecodeTable/Batch10Part10.lean
[690/1403] skip Vsa/Sim/DecodeTable/Batch10Part11.lean
[691/1403] skip Vsa/Sim/DecodeTable/Batch10Part15.lean
[692/1403] skip Vsa/Sim/DecodeTable/Batch10Part27.lean
[693/1403] skip Vsa/Sim/DecodeTable/Batch10Part28.lean
[694/1403] skip Vsa/Sim/DecodeTable/Batch10Part31.lean
[695/1403] skip Vsa/Sim/DecodeTable/Batch10Part32.lean
[696/1403] skip Vsa/Sim/DecodeTable/Batch10.lean
[697/1403] skip Vsa/Sim/DecodeTable/Batch11Part01.lean
[698/1403] skip Vsa/Sim/DecodeTable/Batch11Part02.lean
[699/1403] skip Vsa/Sim/DecodeTable/Batch11Part05.lean
[700/1403] skip Vsa/Sim/DecodeTable/Batch11Part06.lean
[701/1403] skip Vsa/Sim/DecodeTable/Batch11Part07.lean
[702/1403] skip Vsa/Sim/DecodeTable/Batch11Part08.lean
[703/1403] skip Vsa/Sim/DecodeTable/Batch11Part09.lean
[704/1403] skip Vsa/Sim/DecodeTable/Batch11Part10.lean
[705/1403] skip Vsa/Sim/DecodeTable/Batch11Part11.lean
[706/1403] skip Vsa/Sim/DecodeTable/Batch11Part12.lean
[707/1403] skip Vsa/Sim/DecodeTable/Batch11Part13.lean
[708/1403] skip Vsa/Sim/DecodeTable/Batch11Part14.lean
[709/1403] skip Vsa/Sim/DecodeTable/Batch11Part16.lean
[710/1403] skip Vsa/Sim/DecodeTable/Batch11Part18.lean
[711/1403] skip Vsa/Sim/DecodeTable/Batch11Part26.lean
[712/1403] skip Vsa/Sim/DecodeTable/Batch11Part28.lean
[713/1403] skip Vsa/Sim/DecodeTable/Batch11Part32.lean
[714/1403] skip Vsa/Sim/DecodeTable/Batch11.lean
[715/1403] skip Vsa/Sim/DecodeTable/Batch12Part05.lean
[716/1403] skip Vsa/Sim/DecodeTable/Batch12Part06.lean
[717/1403] skip Vsa/Sim/DecodeTable/Batch12Part09.lean
[718/1403] skip Vsa/Sim/DecodeTable/Batch12Part10.lean
[719/1403] skip Vsa/Sim/DecodeTable/Batch12Part11.lean
[720/1403] skip Vsa/Sim/DecodeTable/Batch12Part12.lean
[721/1403] skip Vsa/Sim/DecodeTable/Batch12Part13.lean
[722/1403] skip Vsa/Sim/DecodeTable/Batch12Part14.lean
[723/1403] skip Vsa/Sim/DecodeTable/Batch12Part15.lean
[724/1403] skip Vsa/Sim/DecodeTable/Batch12Part20.lean
[725/1403] skip Vsa/Sim/DecodeTable/Batch12Part22.lean
[726/1403] skip Vsa/Sim/DecodeTable/Batch12Part23.lean
[727/1403] skip Vsa/Sim/DecodeTable/Batch12Part24.lean
[728/1403] skip Vsa/Sim/DecodeTable/Batch12Part25.lean
[729/1403] skip Vsa/Sim/DecodeTable/Batch12Part26.lean
[730/1403] skip Vsa/Sim/DecodeTable/Batch12Part28.lean
[731/1403] skip Vsa/Sim/DecodeTable/Batch12Part29.lean
[732/1403] skip Vsa/Sim/DecodeTable/Batch12Part30.lean
[733/1403] skip Vsa/Sim/DecodeTable/Batch12Part31.lean
[734/1403] skip Vsa/Sim/DecodeTable/Batch12Part32.lean
[735/1403] skip Vsa/Sim/DecodeTable/Batch12.lean
[736/1403] skip Vsa/Sim/DecodeTable/Batch13Part01.lean
[737/1403] skip Vsa/Sim/DecodeTable/Batch13Part03.lean
[738/1403] skip Vsa/Sim/DecodeTable/Batch13Part05.lean
[739/1403] skip Vsa/Sim/DecodeTable/Batch13Part07.lean
[740/1403] skip Vsa/Sim/DecodeTable/Batch13Part08.lean
[741/1403] skip Vsa/Sim/DecodeTable/Batch13Part09.lean
[742/1403] skip Vsa/Sim/DecodeTable/Batch13Part10.lean
[743/1403] skip Vsa/Sim/DecodeTable/Batch13Part12.lean
[744/1403] skip Vsa/Sim/DecodeTable/Batch13Part14.lean
[745/1403] skip Vsa/Sim/DecodeTable/Batch13Part15.lean
[746/1403] skip Vsa/Sim/DecodeTable/Batch13Part16.lean
[747/1403] skip Vsa/Sim/DecodeTable/Batch13Part17.lean
[748/1403] skip Vsa/Sim/DecodeTable/Batch13Part18.lean
[749/1403] skip Vsa/Sim/DecodeTable/Batch13Part19.lean
[750/1403] skip Vsa/Sim/DecodeTable/Batch13Part22.lean
[751/1403] skip Vsa/Sim/DecodeTable/Batch13Part23.lean
[752/1403] skip Vsa/Sim/DecodeTable/Batch13Part24.lean
[753/1403] skip Vsa/Sim/DecodeTable/Batch13Part25.lean
[754/1403] skip Vsa/Sim/DecodeTable/Batch13Part26.lean
[755/1403] skip Vsa/Sim/DecodeTable/Batch13Part27.lean
[756/1403] skip Vsa/Sim/DecodeTable/Batch13Part29.lean
[757/1403] skip Vsa/Sim/DecodeTable/Batch13Part31.lean
[758/1403] skip Vsa/Sim/DecodeTable/Batch13Part32.lean
[759/1403] skip Vsa/Sim/DecodeTable/Batch13.lean
[760/1403] skip Vsa/Sim/DecodeTable/Batch14Part01.lean
[761/1403] skip Vsa/Sim/DecodeTable/Batch14Part02.lean
[762/1403] skip Vsa/Sim/DecodeTable/Batch14Part04.lean
[763/1403] skip Vsa/Sim/DecodeTable/Batch14Part06.lean
[764/1403] skip Vsa/Sim/DecodeTable/Batch14Part07.lean
[765/1403] skip Vsa/Sim/DecodeTable/Batch14Part11.lean
[766/1403] skip Vsa/Sim/DecodeTable/Batch14Part12.lean
[767/1403] skip Vsa/Sim/DecodeTable/Batch14Part14.lean
[768/1403] skip Vsa/Sim/DecodeTable/Batch14Part15.lean
[769/1403] skip Vsa/Sim/DecodeTable/Batch14Part16.lean
[770/1403] skip Vsa/Sim/DecodeTable/Batch14Part17.lean
[771/1403] skip Vsa/Sim/DecodeTable/Batch14Part18.lean
[772/1403] skip Vsa/Sim/DecodeTable/Batch14Part19.lean
[773/1403] skip Vsa/Sim/DecodeTable/Batch14Part20.lean
[774/1403] skip Vsa/Sim/DecodeTable/Batch14Part21.lean
[775/1403] skip Vsa/Sim/DecodeTable/Batch14Part22.lean
[776/1403] skip Vsa/Sim/DecodeTable/Batch14Part23.lean
[777/1403] skip Vsa/Sim/DecodeTable/Batch14Part24.lean
[778/1403] skip Vsa/Sim/DecodeTable/Batch14Part25.lean
[779/1403] skip Vsa/Sim/DecodeTable/Batch14Part26.lean
[780/1403] skip Vsa/Sim/DecodeTable/Batch14Part27.lean
[781/1403] skip Vsa/Sim/DecodeTable/Batch14Part28.lean
[782/1403] skip Vsa/Sim/DecodeTable/Batch14Part29.lean
[783/1403] skip Vsa/Sim/DecodeTable/Batch14Part30.lean
[784/1403] skip Vsa/Sim/DecodeTable/Batch14Part32.lean
[785/1403] skip Vsa/Sim/DecodeTable/Batch14.lean
[786/1403] skip Vsa/Sim/DecodeTable/Batch15Part05.lean
[787/1403] skip Vsa/Sim/DecodeTable/Batch15Part07.lean
[788/1403] skip Vsa/Sim/DecodeTable/Batch15Part08.lean
[789/1403] skip Vsa/Sim/DecodeTable/Batch15Part09.lean
[790/1403] skip Vsa/Sim/DecodeTable/Batch15Part10.lean
[791/1403] skip Vsa/Sim/DecodeTable/Batch15Part11.lean
[792/1403] skip Vsa/Sim/DecodeTable/Batch15Part14.lean
[793/1403] skip Vsa/Sim/DecodeTable/Batch15Part15.lean
[794/1403] skip Vsa/Sim/DecodeTable/Batch15Part16.lean
[795/1403] skip Vsa/Sim/DecodeTable/Batch15Part17.lean
[796/1403] skip Vsa/Sim/DecodeTable/Batch15Part19.lean
[797/1403] skip Vsa/Sim/DecodeTable/Batch15Part24.lean
[798/1403] skip Vsa/Sim/DecodeTable/Batch15Part30.lean
[799/1403] skip Vsa/Sim/DecodeTable/Batch15.lean
[800/1403] skip Vsa/Sim/DecodeTable/Batch16Part02.lean
[801/1403] skip Vsa/Sim/DecodeTable/Batch16Part27.lean
[802/1403] skip Vsa/Sim/DecodeTable/Batch16Part30.lean
[803/1403] skip Vsa/Sim/DecodeTable/Batch16Part32.lean
[804/1403] skip Vsa/Sim/DecodeTable/Batch16.lean
[805/1403] skip Vsa/Sim/DecodeTable/Batch17.lean
[806/1403] skip Vsa/Sim/DecodeTable.lean
[807/1403] skip Vsa/Sim/ChainFactsTac.lean
[808/1403] skip Vsa/Sim/rows/InterpBackEdgeSeg.lean
[809/1403] skip Vsa/Sim/BlockTactics.lean
[810/1403] skip Vsa/Sim/NegTailSites.lean
[811/1403] skip Vsa/Sim/NegBlockProto.lean
[812/1403] skip Vsa/Sim/BlockTactics2.lean
[813/1403] skip Vsa/Sim/BlockTermDemo.lean
[814/1403] skip Vsa/Sim/FrameMeta.lean
[815/1403] skip Vsa/Sim/BridgeSeg.lean
[816/1403] skip Vsa/Sim/rows/LoopHeadArgSetupSeg.lean
[817/1403] skip Vsa/Sim/rows/LoopHeadDispatchSeg.lean
[818/1403] skip Vsa/Sim/rows/LoopHeadDispatch.lean
[819/1403] skip Vsa/Sim/IterSeamAssembly.lean
[820/1403] skip Vsa/Sim/ApproxSeamFold.lean
[821/1403] skip Vsa/Sim/ApproxDispatchSuppliers.lean
[822/1403] skip Vsa/Sim/ApproxArmReseat.lean
[823/1403] skip Vsa/Sim/ArmSegSplit.lean
[824/1403] skip Vsa/Sim/ArmSegSplitEval.lean
[825/1403] skip Vsa/Sim/ArmSegSplitExec.lean
[826/1403] skip Vsa/Sim/ArmSegSplitSeg.lean
[827/1403] skip Vsa/Sim/ArmSegSplitNonEval.lean
[828/1403] skip Vsa/Sim/ArmSegSplitSqEntry.lean
[829/1403] skip Vsa/Sim/ApproxArmResidGapAssembly.lean
[830/1403] skip Vsa/Sim/ArmEntryWiden.lean
[831/1403] skip Vsa/Sim/ArmSegSplitExecEval.lean
[832/1403] skip Vsa/Sim/ArmSegSplitTwins.lean
[833/1403] skip Vsa/Sim/EvalArgs.lean
[834/1403] skip Vsa/Sim/EvalCall.lean
[835/1403] skip Vsa/Sim/EvalFn.lean
[836/1403] skip Vsa/Sim/EvalCallNative.lean
[837/1403] skip Vsa/Sim/EvalCallPrint.lean
[838/1403] skip Vsa/Sim/TermCaseBundle.lean
[839/1403] skip Vsa/Sim/LoopStep.lean
[840/1403] skip Vsa/Sim/rows/LoopSteps.lean
[841/1403] skip Vsa/Sim/rows/CallRows.lean
[842/1403] skip Vsa/Sim/rows/CallArmEpilogue.lean
[843/1403] skip Vsa/Sim/rows/EvalAssignRow.lean
[844/1403] skip Vsa/Sim/ArmSpecBridge.lean
[845/1403] skip Vsa/Sim/SeqHeadStages.lean
[846/1403] skip Vsa/Sim/ArmStagesPartial.lean
[847/1403] skip Vsa/Sim/EntryGround.lean
[848/1403] skip Vsa/Sim/EntryGroundKit.lean
[849/1403] skip Vsa/Sim/BinHeadSites.lean
[850/1403] skip Vsa/Sim/EvalNegSim.lean
[851/1403] skip Vsa/Sim/BlockLogic.lean
[852/1403] skip Vsa/Sim/EvalNegSim2.lean
[853/1403] skip Vsa/Sim/EvalNegSim3.lean
[854/1403] skip Vsa/Sim/LoadSitesTot.lean
[855/1403] skip Vsa/Sim/LoadSitesTotB.lean
[856/1403] skip Vsa/Sim/EvalBinSim.lean
[857/1403] skip Vsa/Sim/StagePreSuppliers.lean
[858/1403] skip Vsa/Sim/NotTailSites.lean
[859/1403] skip Vsa/Sim/PinW.lean
[860/1403] skip Vsa/Sim/EvalNotSim.lean
[861/1403] skip Vsa/Sim/LogicalSites.lean
[862/1403] skip Vsa/Sim/EvalAndSim.lean
[863/1403] skip Vsa/Sim/StagePreSuppliers2.lean
[864/1403] skip Vsa/Sim/rows/BinArmBridge.lean
[865/1403] skip Vsa/Sim/rows/UnaryLogicalArmBridge.lean
[866/1403] skip Vsa/Sim/EvalChildFieldCombinator.lean
[867/1403] skip Vsa/Sim/MidArmCombinator.lean
[868/1403] skip Vsa/Sim/MidArmFieldIH.lean
[869/1403] skip Vsa/Sim/MidArmFieldWire.lean
[870/1403] skip Vsa/Sim/BridgeSegOut.lean
[871/1403] skip Vsa/Sim/MemcpySites2.lean
[872/1403] skip Vsa/Sim/MemcpySites3.lean
[873/1403] skip Vsa/Sim/MemcpySites4.lean
[874/1403] skip Vsa/Sim/MemcpySpec2.lean
[875/1403] skip Vsa/Sim/MemcpySpec3.lean
[876/1403] skip Vsa/Sim/MemcpySpec4.lean
[877/1403] skip Vsa/Sim/MemcpySpecFramed.lean
[878/1403] skip Vsa/Sim/CallSpec.lean
[879/1403] skip Vsa/Sim/CallFrameMeta.lean
[880/1403] skip Vsa/Sim/DeriveCallSeg.lean
[881/1403] skip Vsa/Sim/EnvDefineClose.lean
[882/1403] skip Vsa/Sim/CmpBridges.lean
[883/1403] skip Vsa/Sim/CmpTailSitesGen.lean
[884/1403] skip Vsa/Sim/CmpTailSites.lean
[885/1403] skip Vsa/Sim/EvalBinSim2.lean
[886/1403] skip Vsa/Sim/SubTailSites.lean
[887/1403] skip Vsa/Sim/EvalBinSim3.lean
[888/1403] skip Vsa/Sim/EvalBinSim4.lean
[889/1403] skip Vsa/Sim/EvalGtBlk1Pilot.lean
[890/1403] skip Vsa/Sim/EvalGtBlocks.lean
[891/1403] skip Vsa/Sim/EvalGtChain.lean
[892/1403] skip Vsa/Sim/EvalLtChain.lean
[893/1403] skip Vsa/Sim/EvalGeChain.lean
[894/1403] skip Vsa/Sim/DivDispatchSeg.lean
[895/1403] skip Vsa/Sim/ValueEqualSpec4.lean
[896/1403] skip Vsa/Sim/EqNeDispatchSeg.lean
[897/1403] skip Vsa/Sim/SegFrameFacts.lean
[898/1403] skip Vsa/Sim/SegFrameFactsAuto.lean
[899/1403] skip Vsa/Sim/rows/EnvDefineEpilogueCore.lean
[900/1403] skip Vsa/Sim/EnvDefCompose.lean
[901/1403] skip Vsa/Sim/BridgeSegFramed.lean
[902/1403] skip Vsa/Sim/CmpArmSeg.lean
[903/1403] skip Vsa/Sim/rows/StrCmpSignTail.lean
[904/1403] skip Vsa/Sim/SegReadback.lean
[905/1403] skip Vsa/Sim/SegEffect.lean
[906/1403] skip Vsa/Sim/SpliceFold.lean
[907/1403] skip Vsa/Sim/rows/CallClosureArgLoopEntryGen.lean
[908/1403] skip Vsa/Sim/rows/CallClosureBodyEntry.lean
[909/1403] skip Vsa/Sim/rows/CallClosureBodyExit.lean
[910/1403] skip Vsa/Sim/rows/CallClosureEnvNewCallGen.lean
[911/1403] skip Vsa/Sim/rows/CallClosureDispatchStage.lean
[912/1403] skip Vsa/Sim/rows/CallClosureEnvDefineCallGen.lean
[913/1403] skip Vsa/Sim/rows/CallClosureEnvNewRet.lean
[914/1403] skip Vsa/Sim/rows/CallClosureFoldBack.lean
[915/1403] skip Vsa/Sim/rows/CallClosureNormalRet.lean
[916/1403] skip Vsa/Sim/rows/CallClosureRetClass.lean
[917/1403] skip Vsa/Sim/rows/CallClosureRetCopyGen.lean
[918/1403] skip Vsa/Sim/ExitPath.lean
[919/1403] skip Vsa/Sim/ExitPathSpans.lean
[920/1403] skip Vsa/Sim/EntryHaltsSpans.lean
[921/1403] skip Vsa/Sim/EntrySeams.lean
[922/1403] skip Vsa/Sim/InterpInit.lean
[923/1403] skip Vsa/Sim/StoreSeg.lean
[924/1403] skip Vsa/Sim/rows/CallClosureRow.lean
[925/1403] skip Vsa/Sim/rows/CallClosureValueNullCallGen.lean
[926/1403] skip Vsa/Sim/rows/CallClosureSplice.lean
[927/1403] skip Vsa/Sim/rows/ArgsHeadArmStagePre.lean
[928/1403] skip Vsa/Sim/rows/AssignArmStagePre.lean
[929/1403] skip Vsa/Sim/rows/CallArmStagePre.lean
[930/1403] skip Vsa/Sim/rows/FlBodyArmStagePre.lean
[931/1403] skip Vsa/Sim/ExecCondArmSites.lean
[932/1403] skip Vsa/Sim/rows/FlCondArmStagePre.lean
[933/1403] skip Vsa/Sim/rows/StmtExprArmStagePre.lean
[934/1403] skip Vsa/Sim/rows/StmtForInitArmStagePre.lean
[935/1403] skip Vsa/Sim/rows/StmtIfCondArmStagePre.lean
[936/1403] skip Vsa/Sim/rows/StmtRetArmStagePre.lean
[937/1403] skip Vsa/Sim/rows/StmtVarInitArmStagePre.lean
[938/1403] skip Vsa/Sim/rows/StmtWhileBodyArmStagePre.lean
[939/1403] skip Vsa/Sim/rows/StmtWhileCondArmStagePre.lean
[940/1403] skip Vsa/Sim/ArmStagesWave34.lean
[941/1403] skip Vsa/Sim/rows/CallCruxMarshal.lean
[942/1403] skip Vsa/Sim/EnvSetReturn.lean
[943/1403] skip Vsa/Sim/EnvSetSites.lean
[944/1403] skip Vsa/Sim/EnvSetHit.lean
[945/1403] skip Vsa/Sim/EnvSetScanCore.lean
[946/1403] skip Vsa/Sim/EnvSetScanIter.lean
[947/1403] skip Vsa/Sim/EqNeReprReadback.lean
[948/1403] skip Vsa/Sim/EnvDefBridges.lean
[949/1403] skip Vsa/Sim/EnvDefBridges2.lean
[950/1403] skip Vsa/Sim/EnvDefBridges3.lean
[951/1403] skip Vsa/Sim/EnvDefSeg.lean
[952/1403] skip Vsa/Sim/EnvDefBridges4.lean
[953/1403] skip Vsa/Sim/EnvDefMarshal.lean
[954/1403] skip Vsa/Sim/EnvCallBridge.lean
[955/1403] skip Vsa/Sim/StoreSetFootprint.lean
[956/1403] skip Vsa/Sim/EnvSetHitReconstruct.lean
[957/1403] skip Vsa/Sim/EnvGetSpec7.lean
[958/1403] skip Vsa/Sim/EnvSetPrologueHead.lean
[959/1403] skip Vsa/Sim/EnvSetChain.lean
[960/1403] skip Vsa/Sim/EnvSetRecursive.lean
[961/1403] skip Vsa/Sim/EnvSetScanStart.lean
[962/1403] skip Vsa/Sim/EnvSetComplete.lean
[963/1403] skip Vsa/Sim/rows/AssignArmReturnGen.lean
[964/1403] skip Vsa/Sim/rows/AssignArmStageGen.lean
[965/1403] skip Vsa/Sim/EvalValueReturnTail.lean
[966/1403] skip Vsa/Sim/AssignRhsMarshal.lean
[967/1403] skip Vsa/Sim/BoxSuffixSeams.lean
[968/1403] skip Vsa/Sim/ModDispatchSeg.lean
[969/1403] skip Vsa/Sim/BinOpValueTails.lean
[970/1403] skip Vsa/Sim/BinopChainGen.lean
[971/1403] skip Vsa/Sim/EvalDivChain.lean
[972/1403] skip Vsa/Sim/BinopChainInstances.lean
[973/1403] skip Vsa/Sim/StackSlotGeom.lean
[974/1403] skip Vsa/Sim/rows/IntPostEpilogue.lean
[975/1403] skip Vsa/Sim/BinopTailGen.lean
[976/1403] skip Vsa/Sim/BlockGen.lean
[977/1403] skip Vsa/Sim/BlockMemDemo.lean
[978/1403] skip Vsa/Sim/BoolBoxEpilogue.lean
[979/1403] skip Vsa/Sim/BvNormAttr.lean
[980/1403] skip Vsa/Sim/BvNorm.lean
[981/1403] skip Vsa/Sim/CmpDispatchSeg.lean
[982/1403] skip Vsa/Sim/Code/ArmPins.lean
[983/1403] skip Vsa/Sim/Code/FnFmt.lean
[984/1403] skip Vsa/Sim/Code/Memset.lean
[985/1403] skip Vsa/Sim/Code/Snprintf.lean
[986/1403] skip Vsa/Sim/Code/SvfprintfSlice2.lean
[987/1403] skip Vsa/Sim/Code/__swrite.lean
[988/1403] skip Vsa/Sim/Code/_localeconv_r.lean
[989/1403] skip Vsa/Sim/Code/_write.lean
[990/1403] skip Vsa/Sim/Code/_write_r.lean
[991/1403] skip Vsa/Sim/DecodePilot.lean
[992/1403] skip Vsa/Sim/DemoLoad.lean
[993/1403] skip Vsa/Sim/DemoStore.lean
[994/1403] skip Vsa/Sim/ErrorSites.lean
[995/1403] skip Vsa/Sim/ErrorSiteJal.lean
[996/1403] skip Vsa/Sim/DeriveErrorSite.lean
[997/1403] skip Vsa/Sim/DeriveLoop.lean
[998/1403] skip Vsa/Sim/DeriveMeta.lean
[999/1403] skip Vsa/Sim/ExecRouteAssembly.lean
[1000/1403] skip Vsa/Sim/InterpSimFinal.lean
[1001/1403] skip Vsa/Sim/EnvGetSpec8.lean
[1002/1403] skip Vsa/Sim/EnvGetSpec9.lean
[1003/1403] skip Vsa/Sim/EnvGetSpec10.lean
[1004/1403] skip Vsa/Sim/EvalAddChain.lean
[1005/1403] skip Vsa/Sim/rows/EvalAddRow.lean
[1006/1403] skip Vsa/Sim/TermImageGeom.lean
[1007/1403] skip Vsa/Sim/DivTailSites.lean
[1008/1403] skip Vsa/Sim/EvalDivArm.lean
[1009/1403] skip Vsa/Sim/EvalDivValueTail.lean
[1010/1403] skip Vsa/Sim/EvalMulChain.lean
[1011/1403] skip Vsa/Sim/MulTailSites.lean
[1012/1403] skip Vsa/Sim/rows/EvalMulRow.lean
[1013/1403] skip Vsa/Sim/rows/EvalDivRow.lean
[1014/1403] skip Vsa/Sim/EqNeDispatchStrong.lean
[1015/1403] skip Vsa/Sim/EvalEqNeArm.lean
[1016/1403] skip Vsa/Sim/EqNeDispatchInput.lean
[1017/1403] skip Vsa/Sim/EqNeTailSites.lean
[1018/1403] skip Vsa/Sim/rows/EvalEqNeRow.lean
[1019/1403] skip Vsa/Sim/rows/EvalEqNeFront.lean
[1020/1403] skip Vsa/Sim/rows/EvalLtRow.lean
[1021/1403] skip Vsa/Sim/rows/EvalGeRow.lean
[1022/1403] skip Vsa/Sim/rows/EvalGtRow.lean
[1023/1403] skip Vsa/Sim/EvalLeChain.lean
[1024/1403] skip Vsa/Sim/rows/EvalLeRow.lean
[1025/1403] skip Vsa/Sim/ModDispatchStrong.lean
[1026/1403] skip Vsa/Sim/EvalModArm.lean
[1027/1403] skip Vsa/Sim/ModTailSites.lean
[1028/1403] skip Vsa/Sim/EvalModValueTail.lean
[1029/1403] skip Vsa/Sim/rows/EvalModRow.lean
[1030/1403] skip Vsa/Sim/EvalSubChain.lean
[1031/1403] skip Vsa/Sim/rows/EvalSubRow.lean
[1032/1403] skip Vsa/Sim/rows/BinDispatchRow.lean
[1033/1403] skip Vsa/Sim/rows/BinStrCells.lean
[1034/1403] skip Vsa/While/StringOrder.lean
[1035/1403] skip Vsa/Sim/rows/StrCmpBlockC.lean
[1036/1403] skip Vsa/Sim/rows/StrArmChain.lean
[1037/1403] skip Vsa/Sim/rows/StrCmpOrderClose.lean
[1038/1403] skip Vsa/Sim/EvalLeafD.lean
[1039/1403] skip Vsa/Sim/EvalOrSim.lean
[1040/1403] skip Vsa/Sim/LogicalSites2.lean
[1041/1403] skip Vsa/Sim/EvalLogical2.lean
[1042/1403] skip Vsa/Sim/EvalAndChain.lean
[1043/1403] skip Vsa/Sim/EvalLogical3.lean
[1044/1403] skip Vsa/Sim/EvalOrChain.lean
[1045/1403] skip Vsa/Sim/EvalLogical4.lean
[1046/1403] skip Vsa/Sim/rows/TermRouting.lean
[1047/1403] skip Vsa/Sim/TermBundles.lean
[1048/1403] skip Vsa/Sim/ErrorReach.lean
[1049/1403] skip Vsa/Sim/ErrorSiteRows.lean
[1050/1403] skip Vsa/Sim/rows/ErrSitesBatch0.lean
[1051/1403] skip Vsa/Sim/rows/ErrSitesBatch1.lean
[1052/1403] skip Vsa/Sim/rows/ErrSitesBatch2.lean
[1053/1403] skip Vsa/Sim/rows/ErrSitesBatch3.lean
[1054/1403] skip Vsa/Sim/rows/ErrorRouting.lean
[1055/1403] skip Vsa/Sim/rows/EvalVarRow.lean
[1056/1403] skip Vsa/Sim/rows/ExecRouting.lean
[1057/1403] skip Vsa/Sim/rows/ExecVarInitRow.lean
[1058/1403] skip Vsa/Sim/LoopScaffoldClose.lean
[1059/1403] skip Vsa/Sim/rows/ScaffoldRows.lean
[1060/1403] skip Vsa/Sim/rows/SeqForRows.lean
[1061/1403] skip Vsa/Sim/Trichotomy.lean
[1062/1403] skip Vsa/While/StmtDispatch.lean
[1063/1403] skip Vsa/While/StmtDispatchClose.lean
[1064/1403] skip Vsa/Sim/TermAssembly.lean
[1065/1403] skip Vsa/Sim/DeriveMetaDemo.lean
[1066/1403] skip Vsa/Sim/DeriveMetaTowers.lean
[1067/1403] skip Vsa/Sim/DeriveRow.lean
[1068/1403] skip Vsa/Sim/DivFamilyAssembly.lean
[1069/1403] skip Vsa/Sim/EntryDrive.lean
[1070/1403] skip Vsa/Sim/rows/DriveLoopSetupAGen.lean
[1071/1403] skip Vsa/Sim/rows/DriveLoopSetupBGen.lean
[1072/1403] skip Vsa/Sim/rows/DriveSpillGen.lean
[1073/1403] skip Vsa/Sim/DriveToLoopHeadSpans.lean
[1074/1403] skip Vsa/Sim/Code/_exit.lean
[1075/1403] skip Vsa/Sim/ExitPathSeg.lean
[1076/1403] skip Vsa/Sim/rows/ArgsReturnCopy.lean
[1077/1403] skip Vsa/Sim/NativeAssertSites.lean
[1078/1403] skip Vsa/Sim/OmegaHelpers2.lean
[1079/1403] skip Vsa/Sim/EvalCallNative2.lean
[1080/1403] skip Vsa/Sim/NativeWrapperSites.lean
[1081/1403] skip Vsa/Sim/EvalCallNative3.lean
[1082/1403] skip Vsa/Sim/rows/NativeAddrResolve.lean
[1083/1403] skip Vsa/Sim/rows/NativeArmDispatch.lean
[1084/1403] skip Vsa/Sim/rows/NativeArmSplice.lean
[1085/1403] skip Vsa/Sim/rows/CallResidProviders.lean
[1086/1403] skip Vsa/Sim/IndexedErrorPrototype.lean
[1087/1403] skip Vsa/Sim/rows/ErrFamilyAssembly.lean
[1088/1403] skip Vsa/Sim/rows/LayoutGround.lean
[1089/1403] skip Vsa/Sim/EndToEnd.lean
[1090/1403] skip Vsa/Sim/EnvCallBridgeDemos.lean
[1091/1403] skip Vsa/Sim/EnvDefSpillCommon.lean
[1092/1403] skip Vsa/Sim/EnvDefMoveCommon.lean
[1093/1403] skip Vsa/Sim/EnvDefEntryCommon.lean
[1094/1403] skip Vsa/Sim/EnvDefSpec10.lean
[1095/1403] skip Vsa/Sim/EnvDefSpec11.lean
[1096/1403] skip Vsa/Sim/EnvDefSpec12.lean
[1097/1403] skip Vsa/Sim/EnvDefSpec13.lean
[1098/1403] skip Vsa/Sim/EnvDefSpec14.lean
[1099/1403] skip Vsa/Sim/EnvDefSpec15.lean
[1100/1403] skip Vsa/Sim/EnvDefSpec16.lean
[1101/1403] skip Vsa/Sim/EnvDefSpec5.lean
[1102/1403] skip Vsa/Sim/EnvDefSpec6.lean
[1103/1403] skip Vsa/Sim/EnvDefSpec7.lean
[1104/1403] skip Vsa/Sim/EnvDefSpec8.lean
[1105/1403] skip Vsa/Sim/EnvDefSpec9.lean
[1106/1403] skip Vsa/Sim/EnvDefSpec17.lean
[1107/1403] skip Vsa/Sim/EnvGetChain.lean
[1108/1403] skip Vsa/Sim/EnvGetMarshal.lean
[1109/1403] skip Vsa/Sim/EnvGetPrologueHead.lean
[1110/1403] skip Vsa/Sim/EnvGetRecursive.lean
[1111/1403] skip Vsa/Sim/EnvNewInitSeam.lean
[1112/1403] skip Vsa/Sim/ErrorSiteApplied.lean
[1113/1403] skip Vsa/Sim/ErrorSiteRows2.lean
[1114/1403] skip Vsa/Sim/PreEpilogueWriteLog.lean
[1115/1403] skip Vsa/Sim/FnArmGeomReduce.lean
[1116/1403] skip Vsa/Sim/FnSummary.lean
[1117/1403] skip Vsa/Sim/HtifStepObs.lean
[1118/1403] skip Vsa/Sim/MemcpySpecFramedWord.lean
[1119/1403] skip Vsa/Sim/OmegaHelpers.lean
[1120/1403] skip Vsa/Sim/SegToTripleFramed.lean
[1121/1403] skip Vsa/Sim/RepackTac.lean
[1122/1403] skip Vsa/Sim/ReprDelta.lean
[1123/1403] skip Vsa/Sim/ReprStackSurvival.lean
[1124/1403] skip Vsa/Sim/SegState.lean
[1125/1403] skip Vsa/Sim/SeqBodyOracle.lean
[1126/1403] skip Vsa/Sim/SnprintfSpec14.lean
[1127/1403] skip Vsa/Sim/SnprintfSpec8.lean
[1128/1403] skip Vsa/Sim/SnprintfSpec15.lean
[1129/1403] skip Vsa/Sim/SnprintfSpec16.lean
[1130/1403] skip Vsa/Sim/SnprintfSpec26.lean
[1131/1403] skip Vsa/Sim/SnprintfProCommon.lean
[1132/1403] skip Vsa/Sim/SnprintfSitesPro.lean
[1133/1403] skip Vsa/Sim/SnprintfSpec32.lean
[1134/1403] skip Vsa/Sim/SnprintfSitesPro4.lean
[1135/1403] skip Vsa/Sim/SnprintfSpec33.lean
[1136/1403] skip Vsa/Sim/SnprintfSpec34.lean
[1137/1403] skip Vsa/Sim/SnprintfSitesPro2.lean
[1138/1403] skip Vsa/Sim/SnprintfSpec27.lean
[1139/1403] skip Vsa/Sim/SnprintfSpec28.lean
[1140/1403] skip Vsa/Sim/SnprintfSitesPro3.lean
[1141/1403] skip Vsa/Sim/SnprintfSpec29.lean
[1142/1403] skip Vsa/Sim/SnprintfSpec30.lean
[1143/1403] skip Vsa/Sim/SnprintfSpec31.lean
[1144/1403] skip Vsa/Sim/SnprintfSpec35.lean
[1145/1403] skip Vsa/Sim/SnprintfSpec36.lean
[1146/1403] skip Vsa/Sim/SnprintfSitesFast.lean
[1147/1403] skip Vsa/Sim/SnprintfSitesFast2.lean
[1148/1403] skip Vsa/Sim/SnprintfSpec43.lean
[1149/1403] skip Vsa/Sim/SnprintfSpec44.lean
[1150/1403] skip Vsa/Sim/SnprintfSpec37.lean
[1151/1403] skip Vsa/Sim/SnprintfSpec38.lean
[1152/1403] skip Vsa/Sim/SnprintfSpec39.lean
[1153/1403] skip Vsa/Sim/SnprintfSitesWrap.lean
[1154/1403] skip Vsa/Sim/SnprintfSpec40.lean
[1155/1403] skip Vsa/Sim/SnprintfSpec41.lean
[1156/1403] skip Vsa/Sim/SnprintfSpec42.lean
[1157/1403] skip Vsa/Sim/SnprintfSpec50.lean
[1158/1403] skip Vsa/Sim/SnprintfSpec51.lean
[1159/1403] skip Vsa/Sim/SnprintfSpec45.lean
[1160/1403] skip Vsa/Sim/SnprintfSpec46.lean
[1161/1403] skip Vsa/Sim/SnprintfSpec47.lean
[1162/1403] skip Vsa/Sim/SnprintfSpec48.lean
[1163/1403] skip Vsa/Sim/SnprintfSitesPrint.lean
[1164/1403] skip Vsa/Sim/SnprintfSitesPrint2.lean
[1165/1403] skip Vsa/Sim/SnprintfSpec49.lean
[1166/1403] skip Vsa/Sim/SnprintfSpec52.lean
[1167/1403] skip Vsa/Sim/SnprintfSpec53.lean
[1168/1403] skip Vsa/Sim/SnprintfSpec54.lean
[1169/1403] skip Vsa/Sim/SnprintfSpec55.lean
[1170/1403] skip Vsa/Sim/SnprintfPost.lean
[1171/1403] skip Vsa/Sim/SnprintfRecords.lean
[1172/1403] skip Vsa/Sim/SnprintfSpec10.lean
[1173/1403] skip Vsa/Sim/SpillSafe.lean
[1174/1403] skip Vsa/Sim/StrcpySpecW.lean
[1175/1403] skip Vsa/Sim/StrcpySpecW2.lean
[1176/1403] skip Vsa/Sim/StrcpySpecW3.lean
[1177/1403] skip Vsa/Sim/StrlenSpecU.lean
[1178/1403] skip Vsa/Sim/rows/ArmPostGeom.lean
[1179/1403] skip Vsa/Sim/TripleCatDemos.lean
[1180/1403] skip Vsa/Sim/ValueWordRepr.lean
[1181/1403] skip Vsa/Sim/rows/ArmDispatchCombinatorExec.lean
[1182/1403] skip Vsa/Sim/rows/ArmDispatchInstancesExec.lean
[1183/1403] skip Vsa/Sim/rows/ExecWhileRouteRows.lean
[1184/1403] skip Vsa/Sim/WhileGeomSuppliers.lean
[1185/1403] skip Vsa/Sim/rows/FnArmClosureBuildGen.lean
[1186/1403] skip Vsa/Sim/rows/FnArmClosureBuild.lean
[1187/1403] skip Vsa/Sim/rows/AllocClosureInhab.lean
[1188/1403] skip Vsa/Sim/rows/FnArmMallocCallGen.lean
[1189/1403] skip Vsa/Sim/rows/FnArmSeamReduce.lean
[1190/1403] skip Vsa/Sim/rows/AllocBuildEntrySplice.lean
[1191/1403] skip Vsa/Sim/rows/ArmDispatchCombinator.lean
[1192/1403] skip Vsa/Sim/rows/ArmDispatchInstancesEval.lean
[1193/1403] skip Vsa/Sim/rows/AssemblySkeleton.lean
[1194/1403] skip Vsa/Sim/rows/AssignArmEntryGen.lean
[1195/1403] skip Vsa/Sim/rows/BinDispatchProbe.lean
[1196/1403] skip Vsa/Sim/rows/BinIntReadback.lean
[1197/1403] skip Vsa/Sim/rows/BinStrReadback.lean
[1198/1403] skip Vsa/Sim/rows/BlockALogicalArmGen.lean
[1199/1403] skip Vsa/Sim/rows/BlockAUnaryArmGen.lean
[1200/1403] skip Vsa/Sim/rows/ConcatDispatchChain.lean
[1201/1403] skip Vsa/Sim/rows/CStringAppend.lean
[1202/1403] skip Vsa/Sim/rows/ConcatMallocArg.lean
[1203/1403] skip Vsa/Sim/rows/ConcatMemcpyArg.lean
[1204/1403] skip Vsa/Sim/rows/ConcatStrcpyArg.lean
[1205/1403] skip Vsa/Sim/CalleeFrame.lean
[1206/1403] skip Vsa/Sim/rows/StringifySpec.lean
[1207/1403] skip Vsa/Sim/rows/StringifyStrdupTail.lean
[1208/1403] skip Vsa/Sim/rows/StrcpyContract.lean
[1209/1403] skip Vsa/Sim/rows/StrcpyContractInhab.lean
[1210/1403] skip Vsa/Sim/rows/ConcatCBlockStaging.lean
[1211/1403] skip Vsa/Sim/rows/ConcatHeapCore.lean
[1212/1403] skip Vsa/Sim/rows/ConcatSeams.lean
[1213/1403] skip Vsa/Sim/rows/ConcatStringifyLArg.lean
[1214/1403] skip Vsa/Sim/rows/ConcatStringifyRArg.lean
[1215/1403] skip Vsa/Sim/rows/StringifyIntTail.lean
[1216/1403] skip Vsa/Sim/rows/BlockCConcat.lean
[1217/1403] skip Vsa/Sim/rows/CallArgsSegPreB.lean
[1218/1403] skip Vsa/Sim/rows/CallArmCalleeEvalGen.lean
[1219/1403] skip Vsa/Sim/rows/CallClosureEnvNewMarshal.lean
[1220/1403] skip Vsa/Sim/Code/Stringify.lean
[1221/1403] skip Vsa/Sim/rows/StrdupMallocArgGen.lean
[1222/1403] skip Vsa/Sim/rows/StrdupMemcpyArg.lean
[1223/1403] skip Vsa/Sim/rows/StrdupStrlenArgGen.lean
[1224/1403] skip Vsa/Sim/rows/StrdupTailBridges.lean
[1225/1403] skip Vsa/Sim/rows/StrdupTailJalSeams.lean
[1226/1403] skip Vsa/Sim/rows/CallClosureFoldStage.lean
[1227/1403] skip Vsa/Sim/rows/CallCruxMarshal2.lean
[1228/1403] skip Vsa/Sim/rows/CallCruxMarshal3.lean
[1229/1403] skip Vsa/Sim/rows/CallCruxMarshal4.lean
[1230/1403] skip Vsa/Sim/rows/CallCruxMarshal5.lean
[1231/1403] skip Vsa/Sim/rows/Field_hStr.lean
[1232/1403] skip Vsa/Sim/rows/LayoutJumpTableGen.lean
[1233/1403] skip Vsa/Sim/rows/LayoutStmtTableGen.lean
[1234/1403] skip Vsa/Sim/rows/EntryGroundRows.lean
[1235/1403] skip Vsa/Sim/rows/ErrArmLinks.lean
[1236/1403] skip Vsa/Sim/rows/ErrArmLinksB.lean
[1237/1403] skip Vsa/Sim/rows/ErrLinkObstruction.lean
[1238/1403] skip Vsa/Sim/rows/ErrorReachInhab.lean
[1239/1403] skip Vsa/Sim/rows/ErrReachSpan.lean
[1240/1403] skip Vsa/Sim/rows/ErrSegCrt0.lean
[1241/1403] skip Vsa/Sim/rows/ErrSegMain.lean
[1242/1403] skip Vsa/Sim/rows/ErrSpillCore.lean
[1243/1403] skip Vsa/Sim/rows/ErrSetupCore.lean
[1244/1403] skip Vsa/Sim/rows/ErrSetupRows.lean
[1245/1403] skip Vsa/Sim/rows/ErrSpillRows.lean
[1246/1403] skip Vsa/Sim/rows/ErrorRoutingClasses.lean
[1247/1403] skip Vsa/Sim/rows/EvalVarBridge.lean
[1248/1403] skip Vsa/Sim/rows/ExecLeafD.lean
[1249/1403] skip Vsa/Sim/rows/ExecLeafPin.lean
[1250/1403] skip Vsa/Sim/rows/ExecRetNullGlue.lean
[1251/1403] skip Vsa/Sim/rows/Field_hBool.lean
[1252/1403] skip Vsa/Sim/rows/Field_hInt.lean
[1253/1403] skip Vsa/Sim/rows/Field_hNull.lean
[1254/1403] skip Vsa/Sim/rows/FlStepArmStagePre.lean
[1255/1403] skip Vsa/Sim/rows/FnResidSupply.lean
[1256/1403] skip Vsa/Sim/rows/FnArmSeamSupply.lean
[1257/1403] skip Vsa/Sim/rows/FnArmSeams.lean
[1258/1403] skip Vsa/Sim/Code/__retarget_lock_acquire_recursive.lean
[1259/1403] skip Vsa/Sim/rows/FnRetarget_lock_acquire_recursive.lean
[1260/1403] skip Vsa/Sim/Code/__retarget_lock_release_recursive.lean
[1261/1403] skip Vsa/Sim/rows/FnRetarget_lock_release_recursive.lean
[1262/1403] skip Vsa/Sim/rows/FnLockStubsFold.lean
[1263/1403] skip Vsa/Sim/Code/__sfvwrite_r.lean
[1264/1403] skip Vsa/Sim/rows/FnSfvwrite_r.lean
[1265/1403] skip Vsa/Sim/rows/FnSwrite.lean
[1266/1403] skip Vsa/Sim/rows/FnWrite.lean
[1267/1403] skip Vsa/Sim/rows/FnWriteFold.lean
[1268/1403] skip Vsa/Sim/rows/FnWriteR.lean
[1269/1403] skip Vsa/Sim/rows/FnWriteRFold.lean
[1270/1403] skip Vsa/Sim/rows/FnSwriteFold.lean
[1271/1403] skip Vsa/Sim/rows/TransportSfvwrite_r.lean
[1272/1403] skip Vsa/Sim/rows/FnSfvwriteFold.lean
[1273/1403] skip Vsa/Sim/rows/LayoutVpTableGen.lean
[1274/1403] skip Vsa/Sim/rows/NativeBodyAssert.lean
[1275/1403] skip Vsa/Sim/rows/ValuePrintArms.lean
[1276/1403] skip Vsa/Sim/rows/ValuePrintContract.lean
[1277/1403] skip Vsa/Sim/rows/NativeBodyPrint.lean
[1278/1403] skip Vsa/Sim/rows/NativePrintFinite.lean
[1279/1403] skip Vsa/Sim/rows/SnprintfFrame.lean
[1280/1403] skip Vsa/Sim/rows/StmtForLoopSegPreB.lean
[1281/1403] skip Vsa/Sim/rows/StmtIfThenArmStagePre.lean
[1282/1403] skip Vsa/Sim/rows/StrConcatHeap.lean
[1283/1403] skip Vsa/Sim/rows/StrdupEpilogueSeg.lean
[1284/1403] skip Vsa/Sim/rows/StrdupTailContractClose.lean
[1285/1403] skip Vsa/Sim/rows/StrdupTailSpliceFold.lean
[1286/1403] skip Vsa/Sim/rows/StringifyBridge.lean
[1287/1403] skip Vsa/While/Derive.lean
[1288/1403] skip Vsa/While/Programs.lean
[1289/1403] skip Vsa/While/Validation.lean
[1290/1403] skip Vsa.lean
[1291/1403] skip Vsa/Sim/ArgsLoopSpillResid.lean
[1292/1403] skip Vsa/Sim/SegmentEffect.lean
[1293/1403] skip Vsa/Sim/CertifiedSegment.lean
[1294/1403] skip Vsa/Sim/Code/Exit.lean
[1295/1403] skip Vsa/Sim/Code/Fputc.lean
[1296/1403] skip Vsa/Sim/Code/Main.lean
[1297/1403] skip Vsa/Sim/Code/__sflush_r.lean
[1298/1403] skip Vsa/Sim/Code/__swbuf_r.lean
[1299/1403] skip Vsa/Sim/Code/_fflush_r.lean
[1300/1403] skip Vsa/Sim/Code/_putc_r.lean
[1301/1403] skip Vsa/Sim/DeriveMetaSmoke.lean
[1302/1403] skip Vsa/Sim/EvalCallClosure.lean
[1303/1403] skip Vsa/Sim/ExecInitMapObstruction.lean
[1304/1403] skip Vsa/Sim/ExecRetEpilogue.lean
[1305/1403] skip Vsa/Sim/ExecWhileCertificates.lean
[1306/1403] skip Vsa/Sim/ExitRuntimeDataTransport.lean
[1307/1403] skip Vsa/Sim/InitGoodCommon.lean
[1308/1403] skip Vsa/Sim/InitGoodPmp.lean
[1309/1403] skip Vsa/Sim/InitGoodSeed.lean
[1310/1403] skip Vsa/Sim/InterpRunPrefixPreservation.lean
[1311/1403] skip Vsa/Sim/OutputAliasPhysical.lean
[1312/1403] skip Vsa/Sim/OutputAliasMemory.lean
[1313/1403] skip Vsa/Sim/OutputAliasProgram.lean
[1314/1403] skip Vsa/Sim/OutputAliasProgramRepr.lean
[1315/1403] skip Vsa/Sim/OutputAliasStore.lean
[1316/1403] skip Vsa/Sim/OutputAliasSnapshot.lean
[1317/1403] skip Vsa/Sim/OutputAliasLoaded.lean
[1318/1403] skip Vsa/Sim/WriteLogRead.lean
[1319/1403] skip Vsa/Sim/OutputAliasTrace.lean
[1320/1403] skip Vsa/Sim/OutputAliasCalls.lean
[1321/1403] skip Vsa/Sim/OutputAliasDecode.lean
[1322/1403] skip Vsa/Sim/OutputAliasPrefix.lean
[1323/1403] skip Vsa/Sim/OutputAliasPutchar.lean
[1324/1403] skip Vsa/Sim/OutputAliasTraceCheck.lean
[1325/1403] skip Vsa/Sim/OutputAliasRun/Data.lean
[1326/1403] build Vsa/Sim/OutputAliasRun/Part00.lean
[1327/1403] build Vsa/Sim/OutputAliasRun/Part01.lean
[1328/1403] build Vsa/Sim/OutputAliasRun/Part02.lean
[1329/1403] build Vsa/Sim/OutputAliasRun/Part03.lean
[1330/1403] build Vsa/Sim/OutputAliasRun/Part04.lean
[1331/1403] skip Vsa/Sim/OutputAliasTraceAlu.lean
[1332/1403] build Vsa/Sim/OutputAliasRun/Part05.lean
[1333/1403] build Vsa/Sim/OutputAliasRun/Part06.lean
[1334/1403] build Vsa/Sim/OutputAliasRun/Part07.lean
[1335/1403] build Vsa/Sim/OutputAliasRun/Part08.lean
[1336/1403] build Vsa/Sim/OutputAliasRun/Part09.lean
[1337/1403] build Vsa/Sim/OutputAliasRun/Part10.lean
[1338/1403] build Vsa/Sim/OutputAliasRun/Part11.lean
[1339/1403] build Vsa/Sim/OutputAliasRun/Part12.lean
[1340/1403] build Vsa/Sim/OutputAliasRun/Part13.lean
[1341/1403] skip Vsa/Sim/OutputAliasTraceHalt.lean
[1342/1403] build Vsa/Sim/OutputAliasRun/Part14.lean
[1343/1403] build Vsa/Sim/OutputAliasRun/Groups.lean
[1344/1403] build Vsa/Sim/OutputAliasRun.lean
[1345/1403] build Vsa/Sim/OutputAliasRefutation.lean
[1346/1403] skip Vsa/Sim/OutputRuntimeGeometry.lean
[1347/1403] skip Vsa/Sim/rows/FnFflushR.lean
[1348/1403] skip Vsa/Sim/rows/FnSflushR.lean
[1349/1403] skip Vsa/Sim/rows/FnSflushRFold.lean
[1350/1403] skip Vsa/Sim/rows/FnSflushRSuffix.lean
[1351/1403] skip Vsa/Sim/rows/FnFflushRFold.lean
[1352/1403] skip Vsa/Sim/rows/FnSflushREffect.lean
[1353/1403] skip Vsa/Sim/rows/FnFflushREffect.lean
[1354/1403] skip Vsa/Sim/OutputRuntimePreservation.lean
[1355/1403] skip Vsa/Sim/SeqClosureRetResume.lean
[1356/1403] skip Vsa/Sim/SeqClosureNormalExitResume.lean
[1357/1403] skip Vsa/Sim/SeqClosureNormalContinue.lean
[1358/1403] skip Vsa/Sim/SeqSuffixGround.lean
[1359/1403] skip Vsa/Sim/SeqSuffixGroundBlock.lean
[1360/1403] skip Vsa/Sim/StoreInvariantTests.lean
[1361/1403] skip Vsa/Sim/WhileBodyDispatch.lean
[1362/1403] skip Vsa/Sim/rows/Field_hInitSome.lean
[1363/1403] skip Vsa/Sim/rows/InitSomeReturn.lean
[1364/1403] skip Vsa/While/StoreBodiesBoundPreservation.lean
[1365/1403] skip Vsa/Sim/rows/InitSomeReturnReady.lean
[1366/1403] skip Vsa/Sim/WhileBodyResume.lean
[1367/1403] skip Vsa/Sim/WhileNormalExitTail.lean
[1368/1403] skip Vsa/Sim/WhileBodyBreakResume.lean
[1369/1403] skip Vsa/Sim/WhileCondCopyFrame.lean
[1370/1403] skip Vsa/Sim/WhileBodyDispatchClosed.lean
[1371/1403] skip Vsa/Sim/WhileBodyLoopResume.lean
[1372/1403] skip Vsa/Sim/WhileBodyRetResume.lean
[1373/1403] skip Vsa/Sim/WhileBodyResumeClosed.lean
[1374/1403] skip Vsa/Sim/WhileCondPrefix.lean
[1375/1403] skip Vsa/Sim/WhileCondDispatchClosed.lean
[1376/1403] skip Vsa/Sim/WhileFalsyBranch.lean
[1377/1403] skip Vsa/Sim/WhileFalsyCopyReady.lean
[1378/1403] skip Vsa/Sim/WhileCondFalseResume.lean
[1379/1403] skip Vsa/Sim/WhileFalseResidualClosed.lean
[1380/1403] skip Vsa/Sim/WhileResidualsClosed.lean
[1381/1403] skip Vsa/Sim/rows/BinArmBridgeProbe.lean
[1382/1403] skip Vsa/Sim/rows/EnvDefineEpilogue.lean
[1383/1403] skip Vsa/Sim/rows/EnvDefineAppendExact.lean
[1384/1403] skip Vsa/Sim/rows/EnvDefineAppendPrefix.lean
[1385/1403] skip Vsa/Sim/rows/EnvDefineGrowExact.lean
[1386/1403] skip Vsa/Sim/rows/EnvDefinePrologueSaved.lean
[1387/1403] skip Vsa/Sim/rows/EnvDefineScanRows.lean
[1388/1403] skip Vsa/Sim/rows/EnvDefineScanLoop.lean
[1389/1403] skip Vsa/Sim/rows/EnvDefineScanFramed.lean
[1390/1403] skip Vsa/Sim/rows/EnvDefineDispatchExact.lean
[1391/1403] skip Vsa/Sim/rows/EnvDefineAppendClosed.lean
[1392/1403] skip Vsa/Sim/rows/EnvDefineUpdateExact.lean
[1393/1403] skip Vsa/Sim/rows/ErrBadClosureImpossible.lean
[1394/1403] skip Vsa/Sim/rows/EvalVarBridgeCallee.lean
[1395/1403] skip Vsa/Sim/rows/Field_hInitNone.lean
[1396/1403] skip Vsa/Sim/rows/InitSomeChildEntry.lean
[1397/1403] skip Vsa/Sim/rows/Field_hInitSomeClosed.lean
[1398/1403] skip Vsa/Sim/rows/FlCondArmDispatchObstruction.lean
[1399/1403] skip Vsa/Sim/rows/FnFputc.lean
[1400/1403] skip Vsa/Sim/rows/FnPutcR.lean
[1401/1403] skip Vsa/Sim/rows/FnSwbufR.lean
[1402/1403] skip Vsa/Sim/rows/TransportWrite.lean
[1403/1403] skip VsaRun.lean
real 916.51
user 930.94
sys 15.35
